Archive member included to satisfy reference by file (symbol)

C:/Users/86180/13486F~1.2RE/13C7F1~1.2RE/bin/../lib/gcc/arm-none-eabi/13.2.1/thumb/v7-m/nofp\libg.a(libc_a-exit.o)
                              C:/Users/86180/13486F~1.2RE/13C7F1~1.2RE/bin/../lib/gcc/arm-none-eabi/13.2.1/thumb/v7-m/nofp/crt0.o (exit)
C:/Users/86180/13486F~1.2RE/13C7F1~1.2RE/bin/../lib/gcc/arm-none-eabi/13.2.1/thumb/v7-m/nofp\libg.a(libc_a-findfp.o)
                              C:/Users/86180/13486F~1.2RE/13C7F1~1.2RE/bin/../lib/gcc/arm-none-eabi/13.2.1/thumb/v7-m/nofp\libg.a(libc_a-exit.o) (__stdio_exit_handler)
C:/Users/86180/13486F~1.2RE/13C7F1~1.2RE/bin/../lib/gcc/arm-none-eabi/13.2.1/thumb/v7-m/nofp\libg.a(libc_a-fwalk.o)
                              C:/Users/86180/13486F~1.2RE/13C7F1~1.2RE/bin/../lib/gcc/arm-none-eabi/13.2.1/thumb/v7-m/nofp\libg.a(libc_a-findfp.o) (_fwalk_sglue)
C:/Users/86180/13486F~1.2RE/13C7F1~1.2RE/bin/../lib/gcc/arm-none-eabi/13.2.1/thumb/v7-m/nofp\libg.a(libc_a-setvbuf.o)
                              CMakeFiles/STM32CheckPower.elf.dir/Core/Src/retarget.c.obj (setvbuf)
C:/Users/86180/13486F~1.2RE/13C7F1~1.2RE/bin/../lib/gcc/arm-none-eabi/13.2.1/thumb/v7-m/nofp\libg.a(libc_a-stdio.o)
                              C:/Users/86180/13486F~1.2RE/13C7F1~1.2RE/bin/../lib/gcc/arm-none-eabi/13.2.1/thumb/v7-m/nofp\libg.a(libc_a-findfp.o) (__sread)
C:/Users/86180/13486F~1.2RE/13C7F1~1.2RE/bin/../lib/gcc/arm-none-eabi/13.2.1/thumb/v7-m/nofp\libg.a(libc_a-memset.o)
                              C:/Users/86180/13486F~1.2RE/13C7F1~1.2RE/bin/../lib/gcc/arm-none-eabi/13.2.1/thumb/v7-m/nofp/crt0.o (memset)
C:/Users/86180/13486F~1.2RE/13C7F1~1.2RE/bin/../lib/gcc/arm-none-eabi/13.2.1/thumb/v7-m/nofp\libg.a(libc_a-closer.o)
                              C:/Users/86180/13486F~1.2RE/13C7F1~1.2RE/bin/../lib/gcc/arm-none-eabi/13.2.1/thumb/v7-m/nofp\libg.a(libc_a-stdio.o) (_close_r)
C:/Users/86180/13486F~1.2RE/13C7F1~1.2RE/bin/../lib/gcc/arm-none-eabi/13.2.1/thumb/v7-m/nofp\libg.a(libc_a-reent.o)
                              C:/Users/86180/13486F~1.2RE/13C7F1~1.2RE/bin/../lib/gcc/arm-none-eabi/13.2.1/thumb/v7-m/nofp\libg.a(libc_a-closer.o) (errno)
C:/Users/86180/13486F~1.2RE/13C7F1~1.2RE/bin/../lib/gcc/arm-none-eabi/13.2.1/thumb/v7-m/nofp\libg.a(libc_a-impure.o)
                              CMakeFiles/STM32CheckPower.elf.dir/Core/Src/retarget.c.obj (_impure_ptr)
C:/Users/86180/13486F~1.2RE/13C7F1~1.2RE/bin/../lib/gcc/arm-none-eabi/13.2.1/thumb/v7-m/nofp\libg.a(libc_a-lseekr.o)
                              C:/Users/86180/13486F~1.2RE/13C7F1~1.2RE/bin/../lib/gcc/arm-none-eabi/13.2.1/thumb/v7-m/nofp\libg.a(libc_a-stdio.o) (_lseek_r)
C:/Users/86180/13486F~1.2RE/13C7F1~1.2RE/bin/../lib/gcc/arm-none-eabi/13.2.1/thumb/v7-m/nofp\libg.a(libc_a-readr.o)
                              C:/Users/86180/13486F~1.2RE/13C7F1~1.2RE/bin/../lib/gcc/arm-none-eabi/13.2.1/thumb/v7-m/nofp\libg.a(libc_a-stdio.o) (_read_r)
C:/Users/86180/13486F~1.2RE/13C7F1~1.2RE/bin/../lib/gcc/arm-none-eabi/13.2.1/thumb/v7-m/nofp\libg.a(libc_a-writer.o)
                              C:/Users/86180/13486F~1.2RE/13C7F1~1.2RE/bin/../lib/gcc/arm-none-eabi/13.2.1/thumb/v7-m/nofp\libg.a(libc_a-stdio.o) (_write_r)
C:/Users/86180/13486F~1.2RE/13C7F1~1.2RE/bin/../lib/gcc/arm-none-eabi/13.2.1/thumb/v7-m/nofp\libg.a(libc_a-errno.o)
                              CMakeFiles/STM32CheckPower.elf.dir/Core/Src/retarget.c.obj (__errno)
C:/Users/86180/13486F~1.2RE/13C7F1~1.2RE/bin/../lib/gcc/arm-none-eabi/13.2.1/thumb/v7-m/nofp\libg.a(libc_a-init.o)
                              C:/Users/86180/13486F~1.2RE/13C7F1~1.2RE/bin/../lib/gcc/arm-none-eabi/13.2.1/thumb/v7-m/nofp/crt0.o (__libc_init_array)
C:/Users/86180/13486F~1.2RE/13C7F1~1.2RE/bin/../lib/gcc/arm-none-eabi/13.2.1/thumb/v7-m/nofp\libg.a(libc_a-lock.o)
                              C:/Users/86180/13486F~1.2RE/13C7F1~1.2RE/bin/../lib/gcc/arm-none-eabi/13.2.1/thumb/v7-m/nofp\libg.a(libc_a-findfp.o) (__retarget_lock_init_recursive)
C:/Users/86180/13486F~1.2RE/13C7F1~1.2RE/bin/../lib/gcc/arm-none-eabi/13.2.1/thumb/v7-m/nofp\libg.a(libc_a-__call_atexit.o)
                              C:/Users/86180/13486F~1.2RE/13C7F1~1.2RE/bin/../lib/gcc/arm-none-eabi/13.2.1/thumb/v7-m/nofp\libg.a(libc_a-exit.o) (__call_exitprocs)
C:/Users/86180/13486F~1.2RE/13C7F1~1.2RE/bin/../lib/gcc/arm-none-eabi/13.2.1/thumb/v7-m/nofp\libg.a(libc_a-atexit.o)
                              C:/Users/86180/13486F~1.2RE/13C7F1~1.2RE/bin/../lib/gcc/arm-none-eabi/13.2.1/thumb/v7-m/nofp\libg.a(libc_a-__call_atexit.o) (atexit)
C:/Users/86180/13486F~1.2RE/13C7F1~1.2RE/bin/../lib/gcc/arm-none-eabi/13.2.1/thumb/v7-m/nofp\libg.a(libc_a-freer.o)
                              C:/Users/86180/13486F~1.2RE/13C7F1~1.2RE/bin/../lib/gcc/arm-none-eabi/13.2.1/thumb/v7-m/nofp\libg.a(libc_a-setvbuf.o) (_free_r)
C:/Users/86180/13486F~1.2RE/13C7F1~1.2RE/bin/../lib/gcc/arm-none-eabi/13.2.1/thumb/v7-m/nofp\libg.a(libc_a-malloc.o)
[...]
Memory Configuration

Name             Origin             Length             Attributes
RAM              0x20000000         0x00005000         xrw
FLASH            0x08000000         0x00010000         xr
*default*        0x00000000         0xffffffff

Linker script and memory map

LOAD C:/Users/86180/13486F~1.2RE/13C7F1~1.2RE/bin/../lib/gcc/arm-none-eabi/13.2.1/thumb/v7-m/nofp/crti.o
LOAD C:/Users/86180/13486F~1.2RE/13C7F1~1.2RE/bin/../lib/gcc/arm-none-eabi/13.2.1/thumb/v7-m/nofp/crtbegin.o
LOAD C:/Users/86180/13486F~1.2RE/13C7F1~1.2RE/bin/../lib/gcc/arm-none-eabi/13.2.1/thumb/v7-m/nofp/crt0.o
LOAD CMakeFiles/STM32CheckPower.elf.dir/Core/Src/adc.c.obj
LOAD CMakeFiles/STM32CheckPower.elf.dir/Core/Src/dma.c.obj
LOAD CMakeFiles/STM32CheckPower.elf.dir/Core/Src/gpio.c.obj
LOAD CMakeFiles/STM32CheckPower.elf.dir/Core/Src/main.c.obj
LOAD CMakeFiles/STM32CheckPower.elf.dir/Core/Src/retarget.c.obj
LOAD CMakeFiles/STM32CheckPower.elf.dir/Core/Src/stm32f1xx_hal_msp.c.obj
LOAD CMakeFiles/STM32CheckPower.elf.dir/Core/Src/stm32f1xx_it.c.obj
LOAD CMakeFiles/STM32CheckPower.elf.dir/Core/Src/syscalls.c.obj
LOAD CMakeFiles/STM32CheckPower.elf.dir/Core/Src/sysmem.c.obj
LOAD CMakeFiles/STM32CheckPower.elf.dir/Core/Src/system_stm32f1xx.c.obj
LOAD CMakeFiles/STM32CheckPower.elf.dir/Core/Src/tim.c.obj
LOAD CMakeFiles/STM32CheckPower.elf.dir/Core/Src/usart.c.obj
LOAD CMakeFiles/STM32CheckPower.elf.dir/Core/Startup/startup_stm32f103c8tx.s.obj
LOAD CMakeFiles/STM32CheckPower.elf.dir/Drivers/STM32F1xx_HAL_Driver/Src/stm32f1xx_hal.c.obj
LOAD CMakeFiles/STM32CheckPower.elf.dir/Drivers/STM32F1xx_HAL_Driver/Src/stm32f1xx_hal_adc.c.obj
LOAD CMakeFiles/STM32CheckPower.elf.dir/Drivers/STM32F1xx_HAL_Driver/Src/stm32f1xx_hal_adc_ex.c.obj
LOAD CMakeFiles/STM32CheckPower.elf.dir/Drivers/STM32F1xx_HAL_Driver/Src/stm32f1xx_hal_cortex.c.obj
LOAD CMakeFiles/STM32CheckPower.elf.dir/Drivers/STM32F1xx_HAL_Driver/Src/stm32f1xx_hal_dma.c.obj
LOAD CMakeFiles/STM32CheckPower.elf.dir/Drivers/STM32F1xx_HAL_Driver/Src/stm32f1xx_hal_exti.c.obj
LOAD CMakeFiles/STM32CheckPower.elf.dir/Drivers/STM32F1xx_HAL_Driver/Src/stm32f1xx_hal_flash.c.obj
LOAD CMakeFiles/STM32CheckPower.elf.dir/Drivers/STM32F1xx_HAL_Driver/Src/stm32f1xx_hal_flash_ex.c.obj
LOAD CMakeFiles/STM32CheckPower.elf.dir/Drivers/STM32F1xx_HAL_Driver/Src/stm32f1xx_hal_gpio.c.obj
LOAD CMakeFiles/STM32CheckPower.elf.dir/Drivers/STM32F1xx_HAL_Driver/Src/stm32f1xx_hal_gpio_ex.c.obj
LOAD CMakeFiles/STM32CheckPower.elf.dir/Drivers/STM32F1xx_HAL_Driver/Src/stm32f1xx_hal_pwr.c.obj
LOAD CMakeFiles/STM32CheckPower.elf.dir/Drivers/STM32F1xx_HAL_Driver/Src/stm32f1xx_hal_rcc.c.obj
LOAD CMakeFiles/STM32CheckPower.elf.dir/Drivers/STM32F1xx_HAL_Driver/Src/stm32f1xx_hal_rcc_ex.c.obj
LOAD CMakeFiles/STM32CheckPower.elf.dir/Drivers/STM32F1xx_HAL_Driver/Src/stm32f1xx_hal_tim.c.obj
LOAD CMakeFiles/STM32CheckPower.elf.dir/Drivers/STM32F1xx_HAL_Driver/Src/stm32f1xx_hal_tim_ex.c.obj
LOAD CMakeFiles/STM32CheckPower.elf.dir/Drivers/STM32F1xx_HAL_Driver/Src/stm32f1xx_hal_uart.c.obj
LOAD CMakeFiles/STM32CheckPower.elf.dir/Drivers/STM32F1xx_HAL_Driver/Src/stm32f1xx_ll_exti.c.obj
LOAD CMakeFiles/STM32CheckPower.elf.dir/Drivers/STM32F1xx_HAL_Driver/Src/stm32f1xx_ll_rcc.c.obj
LOAD CMakeFiles/STM32CheckPower.elf.dir/Drivers/STM32F1xx_HAL_Driver/Src/stm32f1xx_ll_utils.c.obj
LOAD CMakeFiles/STM32CheckPower.elf.dir/ssd1306/ssd1306.c.obj
LOAD E:\gitproject\STM32CheckPower\Middlewares\ST\ARM\DSP\Lib\libarm_cortexM3l_math.a
START GROUP
LOAD C:/Users/86180/13486F~1.2RE/13C7F1~1.2RE/bin/../lib/gcc/arm-none-eabi/13.2.1/thumb/v7-m/nofp\libgcc.a
LOAD C:/Users/86180/13486F~1.2RE/13C7F1~1.2RE/bin/../lib/gcc/arm-none-eabi/13.2.1/thumb/v7-m/nofp\libg.a
LOAD C:/Users/86180/13486F~1.2RE/13C7F1~1.2RE/bin/../lib/gcc/arm-none-eabi/13.2.1/thumb/v7-m/nofp\libc.a
END GROUP
LOAD C:/Users/86180/13486F~1.2RE/13C7F1~1.2RE/bin/../lib/gcc/arm-none-eabi/13.2.1/thumb/v7-m/nofp/crtend.o
LOAD C:/Users/86180/13486F~1.2RE/13C7F1~1.2RE/bin/../lib/gcc/arm-none-eabi/13.2.1/thumb/v7-m/nofp/crtn.o
                0x20005000                        _estack = (ORIGIN (RAM) + LENGTH (RAM))
                0x00000200                        _Min_Heap_Size = 0x200
                0x00000400                        _Min_Stack_Size = 0x400

.isr_vector     0x08000000      0x10c
                0x08000000                        . = ALIGN (0x4)
 *(.isr_vector)
 .isr_vector    0x08000000      0x10c CMakeFiles/STM32CheckPower.elf.dir/Core/Startup/startup_stm32f103c8tx.s.obj
                0x08000000                g_pfnVectors
                0x0800010c                        . = ALIGN (0x4)

.text           0x0800010c     0x1a24
                0x0800010c                        . = ALIGN (0x4)
 *(.text)
 *(.text*)
 .text.deregister_tm_clones
                0x0800010c       0x1c C:/Users/86180/13486F~1.2RE/13C7F1~1.2RE/bin/../lib/gcc/arm-none-eabi/13.2.1/thumb/v7-m/nofp/crtbegin.o
 .text.register_tm_clones
                0x08000128       0x24 C:/Users/86180/13486F~1.2RE/13C7F1~1.2RE/bin/../lib/gcc/arm-none-eabi/13.2.1/thumb/v7-m/nofp/crtbegin.o
 .text.__do_global_dtors_aux
                0x0800014c       0x28 C:/Users/86180/13486F~1.2RE/13C7F1~1.2RE/bin/../lib/gcc/arm-none-eabi/13.2.1/thumb/v7-m/nofp/crtbegin.o
 .text.frame_dummy
                0x08000174       0x24 C:/Users/86180/13486F~1.2RE/13C7F1~1.2RE/bin/../lib/gcc/arm-none-eabi/13.2.1/thumb/v7-m/nofp/crtbegin.o
 .text.MX_ADC1_Init
                0x08000198       0x58 CMakeFiles/STM32CheckPower.elf.dir/Core/Src/adc.c.obj
                0x08000198                MX_ADC1_Init
 .text.MX_ADC2_Init
                0x080001f0       0x5c CMakeFiles/STM32CheckPower.elf.dir/Core/Src/adc.c.obj
                0x080001f0                MX_ADC2_Init
 .text.HAL_ADC_MspInit
                0x0800024c       0xe0 CMakeFiles/STM32CheckPower.elf.dir/Core/Src/adc.c.obj
                0x0800024c                HAL_ADC_MspInit
 .text.MX_DMA_Init
                0x0800032c       0x34 CMakeFiles/STM32CheckPower.elf.dir/Core/Src/dma.c.obj
                0x0800032c                MX_DMA_Init
 .text.MX_GPIO_Init
                0x08000360       0xc0 CMakeFiles/STM32CheckPower.elf.dir/Core/Src/gpio.c.obj
                0x08000360                MX_GPIO_Init
 .text.Error_Handler
                0x08000420        0x4 CMakeFiles/STM32CheckPower.elf.dir/Core/Src/main.c.obj
                0x08000420                Error_Handler
 .text.SystemClock_Config
                0x08000424       0xb4 CMakeFiles/STM32CheckPower.elf.dir/Core/Src/main.c.obj
                0x08000424                SystemClock_Config
 .text.main     0x080004d8       0x4a CMakeFiles/STM32CheckPower.elf.dir/Core/Src/main.c.obj
                0x080004d8                main
 *fill*         0x08000522        0x2 
 .text.HAL_MspInit
                0x08000524       0x44 CMakeFiles/STM32CheckPower.elf.dir/Core/Src/stm32f1xx_hal_msp.c.obj
                0x08000524                HAL_MspInit
 .text.NMI_Handler
                0x08000568        0x2 CMakeFiles/STM32CheckPower.elf.dir/Core/Src/stm32f1xx_it.c.obj
                0x08000568                NMI_Handler
 .text.HardFault_Handler
                0x0800056a        0x2 CMakeFiles/STM32CheckPower.elf.dir/Core/Src/stm32f1xx_it.c.obj
                0x0800056a                HardFault_Handler
 .text.MemManage_Handler
                0x0800056c        0x2 CMakeFiles/STM32CheckPower.elf.dir/Core/Src/stm32f1xx_it.c.obj
                0x0800056c                MemManage_Handler
 .text.BusFault_Handler
                0x0800056e        0x2 CMakeFiles/STM32CheckPower.elf.dir/Core/Src/stm32f1xx_it.c.obj
                0x0800056e                BusFault_Handler
 .text.UsageFault_Handler
                0x08000570        0x2 CMakeFiles/STM32CheckPower.elf.dir/Core/Src/stm32f1xx_it.c.obj
                0x08000570                UsageFault_Handler
 .text.SVC_Handler
                0x08000572        0x2 CMakeFiles/STM32CheckPower.elf.dir/Core/Src/stm32f1xx_it.c.obj
                0x08000572                SVC_Handler
 .text.DebugMon_Handler
                0x08000574        0x2 CMakeFiles/STM32CheckPower.elf.dir/Core/Src/stm32f1xx_it.c.obj
                0x08000574                DebugMon_Handler
 .text.PendSV_Handler
                0x08000576        0x2 CMakeFiles/STM32CheckPower.elf.dir/Core/Src/stm32f1xx_it.c.obj
                0x08000576                PendSV_Handler
 .text.SysTick_Handler
                0x08000578        0x8 CMakeFiles/STM32CheckPower.elf.dir/Core/Src/stm32f1xx_it.c.obj
                0x08000578                SysTick_Handler
 .text.DMA1_Channel1_IRQHandler
                0x08000580       0x4c CMakeFiles/STM32CheckPower.elf.dir/Core/Src/stm32f1xx_it.c.obj
                0x08000580                DMA1_Channel1_IRQHandler
 .text.TIM4_IRQHandler
                0x080005cc       0x10 CMakeFiles/STM32CheckPower.elf.dir/Core/Src/stm32f1xx_it.c.obj
                0x080005cc                TIM4_IRQHandler
 .text.SystemInit
                0x080005dc        0x2 CMakeFiles/STM32CheckPower.elf.dir/Core/Src/system_stm32f1xx.c.obj
                0x080005dc                SystemInit
 *fill*         0x080005de        0x2 
 .text.MX_TIM4_Init
                0x080005e0       0xb0 CMakeFiles/STM32CheckPower.elf.dir/Core/Src/tim.c.obj
                0x080005e0                MX_TIM4_Init
 .text.HAL_TIM_Base_MspInit
                0x08000690       0x40 CMakeFiles/STM32CheckPower.elf.dir/Core/Src/tim.c.obj
                0x08000690                HAL_TIM_Base_MspInit
 .text.MX_USART1_UART_Init
                0x080006d0       0x34 CMakeFiles/STM32CheckPower.elf.dir/Core/Src/usart.c.obj
                0x080006d0                MX_USART1_UART_Init
 .text.HAL_UART_MspInit
                0x08000704       0x78 CMakeFiles/STM32CheckPower.elf.dir/Core/Src/usart.c.obj
                0x08000704                HAL_UART_MspInit
 .text.Reset_Handler
                0x0800077c       0x48 CMakeFiles/STM32CheckPower.elf.dir/Core/Startup/startup_stm32f103c8tx.s.obj
                0x0800077c                Reset_Handler
 .text.Default_Handler
                0x080007c4        0x2 CMakeFiles/STM32CheckPower.elf.dir/Core/Startup/startup_stm32f103c8tx.s.obj
                0x080007c4                RTC_Alarm_IRQHandler
                0x080007c4                EXTI2_IRQHandler
                0x080007c4                TIM1_CC_IRQHandler
                0x080007c4                PVD_IRQHandler
                0x080007c4                EXTI3_IRQHandler
                0x080007c4                EXTI0_IRQHandler
                0x080007c4                I2C2_EV_IRQHandler
                0x080007c4                ADC1_2_IRQHandler
                0x080007c4                SPI1_IRQHandler
                0x080007c4                TAMPER_IRQHandler
                0x080007c4                DMA1_Channel4_IRQHandler
                0x080007c4                USART3_IRQHandler
                0x080007c4                RTC_IRQHandler
                0x080007c4                DMA1_Channel7_IRQHandler
                0x080007c4                CAN1_RX1_IRQHandler
                0x080007c4                I2C1_EV_IRQHandler
                0x080007c4                DMA1_Channel6_IRQHandler
                0x080007c4                TIM3_IRQHandler
                0x080007c4                RCC_IRQHandler
                0x080007c4                TIM1_TRG_COM_IRQHandler
                0x080007c4                Default_Handler
                0x080007c4                EXTI15_10_IRQHandler
                0x080007c4                EXTI9_5_IRQHandler
                0x080007c4                SPI2_IRQHandler
                0x080007c4                DMA1_Channel5_IRQHandler
                0x080007c4                EXTI4_IRQHandler
                0x080007c4                USB_LP_CAN1_RX0_IRQHandler
                0x080007c4                USB_HP_CAN1_TX_IRQHandler
                0x080007c4                DMA1_Channel3_IRQHandler
                0x080007c4                TIM1_UP_IRQHandler
                0x080007c4                WWDG_IRQHandler
                0x080007c4                TIM2_IRQHandler
                0x080007c4                TIM1_BRK_IRQHandler
                0x080007c4                EXTI1_IRQHandler
                0x080007c4                USART2_IRQHandler
                0x080007c4                I2C2_ER_IRQHandler
                0x080007c4                DMA1_Channel2_IRQHandler
                0x080007c4                CAN1_SCE_IRQHandler
                0x080007c4                FLASH_IRQHandler
                0x080007c4                USART1_IRQHandler
                0x080007c4                I2C1_ER_IRQHandler
                0x080007c4                USBWakeUp_IRQHandler
 *fill*         0x080007c6        0x2 
 .text.HAL_InitTick
                0x080007c8       0x4c CMakeFiles/STM32CheckPower.elf.dir/Drivers/STM32F1xx_HAL_Driver/Src/stm32f1xx_hal.c.obj
                0x080007c8                HAL_InitTick
 .text.HAL_Init
                0x08000814       0x24 CMakeFiles/STM32CheckPower.elf.dir/Drivers/STM32F1xx_HAL_Driver/Src/stm32f1xx_hal.c.obj
                0x08000814                HAL_Init
 .text.HAL_IncTick
                0x08000838       0x18 CMakeFiles/STM32CheckPower.elf.dir/Drivers/STM32F1xx_HAL_Driver/Src/stm32f1xx_hal.c.obj
                0x08000838                HAL_IncTick
 .text.HAL_GetTick
                0x08000850        0xc CMakeFiles/STM32CheckPower.elf.dir/Drivers/STM32F1xx_HAL_Driver/Src/stm32f1xx_hal.c.obj
                0x08000850                HAL_GetTick
 .text.HAL_Delay
                0x0800085c       0x28 CMakeFiles/STM32CheckPower.elf.dir/Drivers/STM32F1xx_HAL_Driver/Src/stm32f1xx_hal.c.obj
                0x0800085c                HAL_Delay
 .text.HAL_ADC_ConfigChannel
                0x08000884      0x140 CMakeFiles/STM32CheckPower.elf.dir/Drivers/STM32F1xx_HAL_Driver/Src/stm32f1xx_hal_adc.c.obj
                0x08000884                HAL_ADC_ConfigChannel
 .text.ADC_ConversionStop_Disable
                0x080009c4       0x56 CMakeFiles/STM32CheckPower.elf.dir/Drivers/STM32F1xx_HAL_Driver/Src/stm32f1xx_hal_adc.c.obj
                0x080009c4                ADC_ConversionStop_Disable
 *fill*         0x08000a1a        0x2 
 .text.HAL_ADC_Init
                0x08000a1c      0x108 CMakeFiles/STM32CheckPower.elf.dir/Drivers/STM32F1xx_HAL_Driver/Src/stm32f1xx_hal_adc.c.obj
                0x08000a1c                HAL_ADC_Init
 .text.__NVIC_SetPriority
                0x08000b24       0x28 CMakeFiles/STM32CheckPower.elf.dir/Drivers/STM32F1xx_HAL_Driver/Src/stm32f1xx_hal_cortex.c.obj
 .text.NVIC_EncodePriority
                0x08000b4c       0x3e CMakeFiles/STM32CheckPower.elf.dir/Drivers/STM32F1xx_HAL_Driver/Src/stm32f1xx_hal_cortex.c.obj
 *fill*         0x08000b8a        0x2 
 .text.HAL_NVIC_SetPriorityGrouping
                0x08000b8c       0x24 CMakeFiles/STM32CheckPower.elf.dir/Drivers/STM32F1xx_HAL_Driver/Src/stm32f1xx_hal_cortex.c.obj
                0x08000b8c                HAL_NVIC_SetPriorityGrouping
 .text.HAL_NVIC_SetPriority
                0x08000bb0       0x20 CMakeFiles/STM32CheckPower.elf.dir/Drivers/STM32F1xx_HAL_Driver/Src/stm32f1xx_hal_cortex.c.obj
                0x08000bb0                HAL_NVIC_SetPriority
 .text.HAL_NVIC_EnableIRQ
                0x08000bd0       0x1c CMakeFiles/STM32CheckPower.elf.dir/Drivers/STM32F1xx_HAL_Driver/Src/stm32f1xx_hal_cortex.c.obj
                0x08000bd0                HAL_NVIC_EnableIRQ
 .text.HAL_SYSTICK_Config
                0x08000bec       0x28 CMakeFiles/STM32CheckPower.elf.dir/Drivers/STM32F1xx_HAL_Driver/Src/stm32f1xx_hal_cortex.c.obj
                0x08000bec                HAL_SYSTICK_Config
 .text.HAL_DMA_Init
                0x08000c14       0x68 CMakeFiles/STM32CheckPower.elf.dir/Drivers/STM32F1xx_HAL_Driver/Src/stm32f1xx_hal_dma.c.obj
                0x08000c14                HAL_DMA_Init
 .text.HAL_DMA_IRQHandler
                0x08000c7c      0x144 CMakeFiles/STM32CheckPower.elf.dir/Drivers/STM32F1xx_HAL_Driver/Src/stm32f1xx_hal_dma.c.obj
                0x08000c7c                HAL_DMA_IRQHandler
 .text.HAL_GPIO_Init
                0x08000dc0      0x21c CMakeFiles/STM32CheckPower.elf.dir/Drivers/STM32F1xx_HAL_Driver/Src/stm32f1xx_hal_gpio.c.obj
                0x08000dc0                HAL_GPIO_Init
 .text.HAL_GPIO_WritePin
                0x08000fdc        0xc CMakeFiles/STM32CheckPower.elf.dir/Drivers/STM32F1xx_HAL_Driver/Src/stm32f1xx_hal_gpio.c.obj
                0x08000fdc                HAL_GPIO_WritePin
 .text.HAL_RCC_GetHCLKFreq
                0x08000fe8        0xc CMakeFiles/STM32CheckPower.elf.dir/Drivers/STM32F1xx_HAL_Driver/Src/stm32f1xx_hal_rcc.c.obj
                0x08000fe8                HAL_RCC_GetHCLKFreq
 .text.HAL_RCC_GetPCLK1Freq
                0x08000ff4       0x20 CMakeFiles/STM32CheckPower.elf.dir/Drivers/STM32F1xx_HAL_Driver/Src/stm32f1xx_hal_rcc.c.obj
                0x08000ff4                HAL_RCC_GetPCLK1Freq
 .text.HAL_RCC_GetPCLK2Freq
                0x08001014       0x20 CMakeFiles/STM32CheckPower.elf.dir/Drivers/STM32F1xx_HAL_Driver/Src/stm32f1xx_hal_rcc.c.obj
                0x08001014                HAL_RCC_GetPCLK2Freq
 .text.TIM_OC1_SetConfig
                0x08001034       0x54 CMakeFiles/STM32CheckPower.elf.dir/Drivers/STM32F1xx_HAL_Driver/Src/stm32f1xx_hal_tim.c.obj
 .text.TIM_OC3_SetConfig
                0x08001088       0x5c CMakeFiles/STM32CheckPower.elf.dir/Drivers/STM32F1xx_HAL_Driver/Src/stm32f1xx_hal_tim.c.obj
 .text.TIM_OC4_SetConfig
                0x080010e4       0x48 CMakeFiles/STM32CheckPower.elf.dir/Drivers/STM32F1xx_HAL_Driver/Src/stm32f1xx_hal_tim.c.obj
 .text.TIM_TI1_ConfigInputStage
                0x0800112c       0x24 CMakeFiles/STM32CheckPower.elf.dir/Drivers/STM32F1xx_HAL_Driver/Src/stm32f1xx_hal_tim.c.obj
 .text.TIM_TI2_ConfigInputStage
                0x08001150       0x26 CMakeFiles/STM32CheckPower.elf.dir/Drivers/STM32F1xx_HAL_Driver/Src/stm32f1xx_hal_tim.c.obj
 .text.TIM_ITRx_SetConfig
                0x08001176       0x10 CMakeFiles/STM32CheckPower.elf.dir/Drivers/STM32F1xx_HAL_Driver/Src/stm32f1xx_hal_tim.c.obj
 .text.HAL_TIM_PWM_MspInit
                0x08001186        0x2 CMakeFiles/STM32CheckPower.elf.dir/Drivers/STM32F1xx_HAL_Driver/Src/stm32f1xx_hal_tim.c.obj
                0x08001186                HAL_TIM_PWM_MspInit
 .text.HAL_TIM_PeriodElapsedCallback
                0x08001188        0x2 CMakeFiles/STM32CheckPower.elf.dir/Drivers/STM32F1xx_HAL_Driver/Src/stm32f1xx_hal_tim.c.obj
                0x08001188                HAL_TIM_PeriodElapsedCallback
 .text.HAL_TIM_OC_DelayElapsedCallback
                0x0800118a        0x2 CMakeFiles/STM32CheckPower.elf.dir/Drivers/STM32F1xx_HAL_Driver/Src/stm32f1xx_hal_tim.c.obj
                0x0800118a                HAL_TIM_OC_DelayElapsedCallback
 .text.HAL_TIM_IC_CaptureCallback
                0x0800118c        0x2 CMakeFiles/STM32CheckPower.elf.dir/Drivers/STM32F1xx_HAL_Driver/Src/stm32f1xx_hal_tim.c.obj
                0x0800118c                HAL_TIM_IC_CaptureCallback
 .text.HAL_TIM_PWM_PulseFinishedCallback
                0x0800118e        0x2 CMakeFiles/STM32CheckPower.elf.dir/Drivers/STM32F1xx_HAL_Driver/Src/stm32f1xx_hal_tim.c.obj
                0x0800118e                HAL_TIM_PWM_PulseFinishedCallback
 .text.HAL_TIM_TriggerCallback
                0x08001190        0x2 CMakeFiles/STM32CheckPower.elf.dir/Drivers/STM32F1xx_HAL_Driver/Src/stm32f1xx_hal_tim.c.obj
                0x08001190                HAL_TIM_TriggerCallback
 .text.HAL_TIM_IRQHandler
                0x08001192      0x15e CMakeFiles/STM32CheckPower.elf.dir/Drivers/STM32F1xx_HAL_Driver/Src/stm32f1xx_hal_tim.c.obj
                0x08001192                HAL_TIM_IRQHandler
 .text.TIM_Base_SetConfig
                0x080012f0       0x84 CMakeFiles/STM32CheckPower.elf.dir/Drivers/STM32F1xx_HAL_Driver/Src/stm32f1xx_hal_tim.c.obj
                0x080012f0                TIM_Base_SetConfig
 .text.HAL_TIM_Base_Init
                0x08001374       0x58 CMakeFiles/STM32CheckPower.elf.dir/Drivers/STM32F1xx_HAL_Driver/Src/stm32f1xx_hal_tim.c.obj
                0x08001374                HAL_TIM_Base_Init
 .text.HAL_TIM_PWM_Init
                0x080013cc       0x58 CMakeFiles/STM32CheckPower.elf.dir/Drivers/STM32F1xx_HAL_Driver/Src/stm32f1xx_hal_tim.c.obj
                0x080013cc                HAL_TIM_PWM_Init
 .text.TIM_OC2_SetConfig
                0x08001424       0x5c CMakeFiles/STM32CheckPower.elf.dir/Drivers/STM32F1xx_HAL_Driver/Src/stm32f1xx_hal_tim.c.obj
                0x08001424                TIM_OC2_SetConfig
 .text.HAL_TIM_PWM_ConfigChannel
                0x08001480       0xdc CMakeFiles/STM32CheckPower.elf.dir/Drivers/STM32F1xx_HAL_Driver/Src/stm32f1xx_hal_tim.c.obj
                0x08001480                HAL_TIM_PWM_ConfigChannel
 .text.TIM_ETR_SetConfig
                0x0800155c       0x18 CMakeFiles/STM32CheckPower.elf.dir/Drivers/STM32F1xx_HAL_Driver/Src/stm32f1xx_hal_tim.c.obj
                0x0800155c                TIM_ETR_SetConfig
 .text.HAL_TIM_ConfigClockSource
                0x08001574       0xfe CMakeFiles/STM32CheckPower.elf.dir/Drivers/STM32F1xx_HAL_Driver/Src/stm32f1xx_hal_tim.c.obj
                0x08001574                HAL_TIM_ConfigClockSource
 *fill*         0x08001672        0x2 
 .text.HAL_TIMEx_MasterConfigSynchronization
                0x08001674       0x6c CMakeFiles/STM32CheckPower.elf.dir/Drivers/STM32F1xx_HAL_Driver/Src/stm32f1xx_hal_tim_ex.c.obj
                0x08001674                HAL_TIMEx_MasterConfigSynchronization
 .text.HAL_TIMEx_CommutCallback
                0x080016e0        0x2 CMakeFiles/STM32CheckPower.elf.dir/Drivers/STM32F1xx_HAL_Driver/Src/stm32f1xx_hal_tim_ex.c.obj
                0x080016e0                HAL_TIMEx_CommutCallback
 .text.HAL_TIMEx_BreakCallback
                0x080016e2        0x2 CMakeFiles/STM32CheckPower.elf.dir/Drivers/STM32F1xx_HAL_Driver/Src/stm32f1xx_hal_tim_ex.c.obj
                0x080016e2                HAL_TIMEx_BreakCallback
 .text.UART_SetConfig
                0x080016e4       0x94 CMakeFiles/STM32CheckPower.elf.dir/Drivers/STM32F1xx_HAL_Driver/Src/stm32f1xx_hal_uart.c.obj
 .text.HAL_UART_Init
                0x08001778       0x60 CMakeFiles/STM32CheckPower.elf.dir/Drivers/STM32F1xx_HAL_Driver/Src/stm32f1xx_hal_uart.c.obj
                0x08001778                HAL_UART_Init
 .text.LL_SetSystemCoreClock
                0x080017d8        0xc CMakeFiles/STM32CheckPower.elf.dir/Drivers/STM32F1xx_HAL_Driver/Src/stm32f1xx_ll_utils.c.obj
                0x080017d8                LL_SetSystemCoreClock
 .text.delay_us
                0x080017e4       0x12 CMakeFiles/STM32CheckPower.elf.dir/ssd1306/ssd1306.c.obj
                0x080017e4                delay_us
 *fill*         0x080017f6        0x2 
 .text.IIC_write
                0x080017f8       0x6c CMakeFiles/STM32CheckPower.elf.dir/ssd1306/ssd1306.c.obj
                0x080017f8                IIC_write
 .text.IIC_start
                0x08001864       0x30 CMakeFiles/STM32CheckPower.elf.dir/ssd1306/ssd1306.c.obj
                0x08001864                IIC_start
 .text.IIC_stop
                0x08001894       0x20 CMakeFiles/STM32CheckPower.elf.dir/ssd1306/ssd1306.c.obj
                0x08001894                IIC_stop
 .text.OLED_send_cmd
                0x080018b4       0x1a CMakeFiles/STM32CheckPower.elf.dir/ssd1306/ssd1306.c.obj
                0x080018b4                OLED_send_cmd
 .text.OLED_send_data
                0x080018ce       0x1a CMakeFiles/STM32CheckPower.elf.dir/ssd1306/ssd1306.c.obj
                0x080018ce                OLED_send_data
 .text.Column_set
                0x080018e8       0x18 CMakeFiles/STM32CheckPower.elf.dir/ssd1306/ssd1306.c.obj
                0x080018e8                Column_set
 .text.Page_set
                0x08001900        0xc CMakeFiles/STM32CheckPower.elf.dir/ssd1306/ssd1306.c.obj
                0x08001900                Page_set
 .text.OLED_full
                0x0800190c       0x30 CMakeFiles/STM32CheckPower.elf.dir/ssd1306/ssd1306.c.obj
                0x0800190c                OLED_full
 .text.OLED_init
                0x0800193c       0x1c CMakeFiles/STM32CheckPower.elf.dir/ssd1306/ssd1306.c.obj
                0x0800193c                OLED_init
 .text.memset   0x08001958       0xa0 C:/Users/86180/13486F~1.2RE/13C7F1~1.2RE/bin/../lib/gcc/arm-none-eabi/13.2.1/thumb/v7-m/nofp\libg.a(libc_a-memset.o)
                0x08001958                memset
 .text.__libc_init_array
                0x080019f8       0x50 C:/Users/86180/13486F~1.2RE/13C7F1~1.2RE/bin/../lib/gcc/arm-none-eabi/13.2.1/thumb/v7-m/nofp\libg.a(libc_a-init.o)
                0x080019f8                __libc_init_array
 .text.__retarget_lock_acquire_recursive
                0x08001a48        0x4 C:/Users/86180/13486F~1.2RE/13C7F1~1.2RE/bin/../lib/gcc/arm-none-eabi/13.2.1/thumb/v7-m/nofp\libg.a(libc_a-lock.o)
                0x08001a48                __retarget_lock_acquire_recursive
 .text.__retarget_lock_release_recursive
                0x08001a4c        0x4 C:/Users/86180/13486F~1.2RE/13C7F1~1.2RE/bin/../lib/gcc/arm-none-eabi/13.2.1/thumb/v7-m/nofp\libg.a(libc_a-lock.o)
                0x08001a4c                __retarget_lock_release_recursive
 .text.startup.register_fini
                0x08001a50       0x14 C:/Users/86180/13486F~1.2RE/13C7F1~1.2RE/bin/../lib/gcc/arm-none-eabi/13.2.1/thumb/v7-m/nofp\libg.a(libc_a-__call_atexit.o)
 .text.atexit   0x08001a64        0xc C:/Users/86180/13486F~1.2RE/13C7F1~1.2RE/bin/../lib/gcc/arm-none-eabi/13.2.1/thumb/v7-m/nofp\libg.a(libc_a-atexit.o)
                0x08001a64                atexit
 .text.__libc_fini_array
                0x08001a70       0x28 C:/Users/86180/13486F~1.2RE/13C7F1~1.2RE/bin/../lib/gcc/arm-none-eabi/13.2.1/thumb/v7-m/nofp\libg.a(libc_a-fini.o)
                0x08001a70                __libc_fini_array
 .text.__register_exitproc
                0x08001a98       0x80 C:/Users/86180/13486F~1.2RE/13C7F1~1.2RE/bin/../lib/gcc/arm-none-eabi/13.2.1/thumb/v7-m/nofp\libg.a(libc_a-__atexit.o)
                0x08001a98                __register_exitproc
 *(.glue_7)
 .glue_7        0x08001b18        0x0 linker stubs
 *(.glue_7t)
 .glue_7t       0x08001b18        0x0 linker stubs
 *(.eh_frame)
 .eh_frame      0x08001b18        0x0 C:/Users/86180/13486F~1.2RE/13C7F1~1.2RE/bin/../lib/gcc/arm-none-eabi/13.2.1/thumb/v7-m/nofp/crtbegin.o
 *(.init)
 .init          0x08001b18        0x4 C:/Users/86180/13486F~1.2RE/13C7F1~1.2RE/bin/../lib/gcc/arm-none-eabi/13.2.1/thumb/v7-m/nofp/crti.o
                0x08001b18                _init
 .init          0x08001b1c        0x8 C:/Users/86180/13486F~1.2RE/13C7F1~1.2RE/bin/../lib/gcc/arm-none-eabi/13.2.1/thumb/v7-m/nofp/crtn.o
 *(.fini)
 .fini          0x08001b24        0x4 C:/Users/86180/13486F~1.2RE/13C7F1~1.2RE/bin/../lib/gcc/arm-none-eabi/13.2.1/thumb/v7-m/nofp/crti.o
                0x08001b24                _fini
 .fini          0x08001b28        0x8 C:/Users/86180/13486F~1.2RE/13C7F1~1.2RE/bin/../lib/gcc/arm-none-eabi/13.2.1/thumb/v7-m/nofp/crtn.o
                0x08001b30                        . = ALIGN (0x4)
                0x08001b30                        _etext = .

.vfp11_veneer   0x08001b30        0x0
 .vfp11_veneer  0x08001b30        0x0 linker stubs

.v4_bx          0x08001b30        0x0
 .v4_bx         0x08001b30        0x0 linker stubs

.iplt           0x08001b30        0x0
 .iplt          0x08001b30        0x0 C:/Users/86180/13486F~1.2RE/13C7F1~1.2RE/bin/../lib/gcc/arm-none-eabi/13.2.1/thumb/v7-m/nofp/crtbegin.o

.rodata         0x08001b30       0x24
                0x08001b30                        . = ALIGN (0x4)
 *(.rodata)
 *(.rodata*)
 .rodata.APBPrescTable
                0x08001b30        0x8 CMakeFiles/STM32CheckPower.elf.dir/Core/Src/system_stm32f1xx.c.obj
                0x08001b30                APBPrescTable
 .rodata.OLED_init_cmd
                0x08001b38       0x19 CMakeFiles/STM32CheckPower.elf.dir/ssd1306/ssd1306.c.obj
                0x08001b38                OLED_init_cmd
                0x08001b54                        . = ALIGN (0x4)
 *fill*         0x08001b51        0x3 

.ARM.extab      0x08001b54        0x0
                0x08001b54                        . = ALIGN (0x4)
 *(.ARM.extab* .gnu.linkonce.armextab.*)
                0x08001b54                        . = ALIGN (0x4)

.ARM            0x08001b54        0x0
                0x08001b54                        . = ALIGN (0x4)
                0x08001b54                        __exidx_start = .
 *(.ARM.exidx*)
                0x08001b54                        __exidx_end = .
                0x08001b54                        . = ALIGN (0x4)

.preinit_array  0x08001b54        0x0
                0x08001b54                        . = ALIGN (0x4)
                0x08001b54                        PROVIDE (__preinit_array_start = .)
 *(.preinit_array*)
                0x08001b54                        PROVIDE (__preinit_array_end = .)
                0x08001b54                        . = ALIGN (0x4)

.init_array     0x08001b54        0x8
                0x08001b54                        . = ALIGN (0x4)
                0x08001b54                        PROVIDE (__init_array_start = .)
 *(SORT_BY_NAME(.init_array.*))
 .init_array.00000
                0x08001b54        0x4 C:/Users/86180/13486F~1.2RE/13C7F1~1.2RE/bin/../lib/gcc/arm-none-eabi/13.2.1/thumb/v7-m/nofp\libg.a(libc_a-__call_atexit.o)
 *(.init_array*)
 .init_array    0x08001b58        0x4 C:/Users/86180/13486F~1.2RE/13C7F1~1.2RE/bin/../lib/gcc/arm-none-eabi/13.2.1/thumb/v7-m/nofp/crtbegin.o
                0x08001b5c                        PROVIDE (__init_array_end = .)
                0x08001b5c                        . = ALIGN (0x4)

.fini_array     0x08001b5c        0x4
                0x08001b5c                        . = ALIGN (0x4)
                0x08001b5c                        PROVIDE (__fini_array_start = .)
 *(SORT_BY_NAME(.fini_array.*))
 *(.fini_array*)
 .fini_array    0x08001b5c        0x4 C:/Users/86180/13486F~1.2RE/13C7F1~1.2RE/bin/../lib/gcc/arm-none-eabi/13.2.1/thumb/v7-m/nofp/crtbegin.o
                0x08001b60                        PROVIDE (__fini_array_end = .)
                0x08001b60                        . = ALIGN (0x4)
                0x08001b60                        _sidata = LOADADDR (.data)

.rel.dyn        0x08001b60        0x0
 .rel.iplt      0x08001b60        0x0 C:/Users/86180/13486F~1.2RE/13C7F1~1.2RE/bin/../lib/gcc/arm-none-eabi/13.2.1/thumb/v7-m/nofp/crtbegin.o

.data           0x20000000       0x10 load address 0x08001b60
                0x20000000                        . = ALIGN (0x4)
                0x20000000                        _sdata = .
 *(.data)
 *(.data*)
 .data.SystemCoreClock
                0x20000000        0x4 CMakeFiles/STM32CheckPower.elf.dir/Core/Src/system_stm32f1xx.c.obj
                0x20000000                SystemCoreClock
 .data.uwTickFreq
                0x20000004        0x1 CMakeFiles/STM32CheckPower.elf.dir/Drivers/STM32F1xx_HAL_Driver/Src/stm32f1xx_hal.c.obj
                0x20000004                uwTickFreq
 *fill*         0x20000005        0x3 
 .data.uwTickPrio
                0x20000008        0x4 CMakeFiles/STM32CheckPower.elf.dir/Drivers/STM32F1xx_HAL_Driver/Src/stm32f1xx_hal.c.obj
                0x20000008                uwTickPrio
 .data.__atexit_recursive_mutex
                0x2000000c        0x4 C:/Users/86180/13486F~1.2RE/13C7F1~1.2RE/bin/../lib/gcc/arm-none-eabi/13.2.1/thumb/v7-m/nofp\libg.a(libc_a-__call_atexit.o)
                0x2000000c                __atexit_recursive_mutex
 *(.RamFunc)
 *(.RamFunc*)
                0x20000010                        . = ALIGN (0x4)
                0x20000010                        _edata = .

.tm_clone_table
                0x20000010        0x0 load address 0x08001b70
 .tm_clone_table
                0x20000010        0x0 C:/Users/86180/13486F~1.2RE/13C7F1~1.2RE/bin/../lib/gcc/arm-none-eabi/13.2.1/thumb/v7-m/nofp/crtbegin.o
 .tm_clone_table
                0x20000010        0x0 C:/Users/86180/13486F~1.2RE/13C7F1~1.2RE/bin/../lib/gcc/arm-none-eabi/13.2.1/thumb/v7-m/nofp/crtend.o

.igot.plt       0x20000010        0x0 load address 0x08001b70
 .igot.plt      0x20000010        0x0 C:/Users/86180/13486F~1.2RE/13C7F1~1.2RE/bin/../lib/gcc/arm-none-eabi/13.2.1/thumb/v7-m/nofp/crtbegin.o
                0x20000010                        . = ALIGN (0x4)

.bss            0x20000010      0xaf4 load address 0x08001b70
                0x20000010                        _sbss = .
                0x20000010                        __bss_start__ = _sbss
 *(.bss)
 *(.bss*)
 .bss.completed.1
                0x20000010        0x1 C:/Users/86180/13486F~1.2RE/13C7F1~1.2RE/bin/../lib/gcc/arm-none-eabi/13.2.1/thumb/v7-m/nofp/crtbegin.o
 *fill*         0x20000011        0x3 
 .bss.object.0  0x20000014       0x18 C:/Users/86180/13486F~1.2RE/13C7F1~1.2RE/bin/../lib/gcc/arm-none-eabi/13.2.1/thumb/v7-m/nofp/crtbegin.o
 .bss.hdma_adc1
                0x2000002c       0x44 CMakeFiles/STM32CheckPower.elf.dir/Core/Src/adc.c.obj
                0x2000002c                hdma_adc1
 .bss.hadc2     0x20000070       0x30 CMakeFiles/STM32CheckPower.elf.dir/Core/Src/adc.c.obj
                0x20000070                hadc2
 .bss.hadc1     0x200000a0       0x30 CMakeFiles/STM32CheckPower.elf.dir/Core/Src/adc.c.obj
                0x200000a0                hadc1
 .bss.adc_buffer_cnt
                0x200000d0        0x2 CMakeFiles/STM32CheckPower.elf.dir/Core/Src/stm32f1xx_it.c.obj
                0x200000d0                adc_buffer_cnt
 *fill*         0x200000d2        0x2 
 .bss.adc_buffer
                0x200000d4      0x800 CMakeFiles/STM32CheckPower.elf.dir/Core/Src/stm32f1xx_it.c.obj
                0x200000d4                adc_buffer
 .bss.testbuffer
                0x200008d4        0x2 CMakeFiles/STM32CheckPower.elf.dir/Core/Src/stm32f1xx_it.c.obj
                0x200008d4                testbuffer
 *fill*         0x200008d6        0x2 
 .bss.htim4     0x200008d8       0x48 CMakeFiles/STM32CheckPower.elf.dir/Core/Src/tim.c.obj
                0x200008d8                htim4
 .bss.huart1    0x20000920       0x48 CMakeFiles/STM32CheckPower.elf.dir/Core/Src/usart.c.obj
                0x20000920                huart1
 .bss.uwTick    0x20000968        0x4 CMakeFiles/STM32CheckPower.elf.dir/Drivers/STM32F1xx_HAL_Driver/Src/stm32f1xx_hal.c.obj
                0x20000968                uwTick
 .bss.__lock___atexit_recursive_mutex
                0x2000096c        0x1 C:/Users/86180/13486F~1.2RE/13C7F1~1.2RE/bin/../lib/gcc/arm-none-eabi/13.2.1/thumb/v7-m/nofp\libg.a(libc_a-lock.o)
                0x2000096c                __lock___atexit_recursive_mutex
 *fill*         0x2000096d        0x3 
 .bss.__atexit  0x20000970        0x4 C:/Users/86180/13486F~1.2RE/13C7F1~1.2RE/bin/../lib/gcc/arm-none-eabi/13.2.1/thumb/v7-m/nofp\libg.a(libc_a-__call_atexit.o)
                0x20000970                __atexit
 .bss.__atexit0
                0x20000974      0x190 C:/Users/86180/13486F~1.2RE/13C7F1~1.2RE/bin/../lib/gcc/arm-none-eabi/13.2.1/thumb/v7-m/nofp\libg.a(libc_a-__atexit.o)
                0x20000974                __atexit0
 *(COMMON)
                0x20000b04                        . = ALIGN (0x4)
                0x20000b04                        _ebss = .
                0x20000b04                        __bss_end__ = _ebss

._user_heap_stack
                0x20000b04      0x604 load address 0x08001b70
                0x20000b08                        . = ALIGN (0x8)
 *fill*         0x20000b04        0x4 
                [!provide]                        PROVIDE (end = .)
                0x20000b08                        PROVIDE (_end = .)
                0x20000d08                        . = (. + _Min_Heap_Size)
 *fill*         0x20000b08      0x200 
                0x20001108                        . = (. + _Min_Stack_Size)
 *fill*         0x20000d08      0x400 
                0x20001108                        . = ALIGN (0x8)

/DISCARD/
 libc.a(*)
 libm.a(*)
 libgcc.a(*)

.ARM.attributes
                0x00000000       0x29
 *(.ARM.attributes)
 .ARM.attributes
                0x00000000       0x1d C:/Users/86180/13486F~1.2RE/13C7F1~1.2RE/bin/../lib/gcc/arm-none-eabi/13.2.1/thumb/v7-m/nofp/crti.o
 .ARM.attributes
                0x0000001d       0x2d C:/Users/86180/13486F~1.2RE/13C7F1~1.2RE/bin/../lib/gcc/arm-none-eabi/13.2.1/thumb/v7-m/nofp/crtbegin.o
 .ARM.attributes
                0x0000004a       0x2d CMakeFiles/STM32CheckPower.elf.dir/Core/Src/adc.c.obj
 .ARM.attributes
                0x00000077       0x2d CMakeFiles/STM32CheckPower.elf.dir/Core/Src/dma.c.obj
 .ARM.attributes
                0x000000a4       0x2d CMakeFiles/STM32CheckPower.elf.dir/Core/Src/gpio.c.obj
 .ARM.attributes
                0x000000d1       0x2d CMakeFiles/STM32CheckPower.elf.dir/Core/Src/main.c.obj
 .ARM.attributes
                0x000000fe       0x2d CMakeFiles/STM32CheckPower.elf.dir/Core/Src/stm32f1xx_hal_msp.c.obj
 .ARM.attributes
                0x0000012b       0x2d CMakeFiles/STM32CheckPower.elf.dir/Core/Src/stm32f1xx_it.c.obj
 .ARM.attributes
                0x00000158       0x2d CMakeFiles/STM32CheckPower.elf.dir/Core/Src/system_stm32f1xx.c.obj
 .ARM.attributes
                0x00000185       0x2d CMakeFiles/STM32CheckPower.elf.dir/Core/Src/tim.c.obj
 .ARM.attributes
                0x000001b2       0x2d CMakeFiles/STM32CheckPower.elf.dir/Core/Src/usart.c.obj
 .ARM.attributes
                0x000001df       0x21 CMakeFiles/STM32CheckPower.elf.dir/Core/Startup/startup_stm32f103c8tx.s.obj
 .ARM.attributes
                0x00000200       0x2d CMakeFiles/STM32CheckPower.elf.dir/Drivers/STM32F1xx_HAL_Driver/Src/stm32f1xx_hal.c.obj
 .ARM.attributes
                0x0000022d       0x2d CMakeFiles/STM32CheckPower.elf.dir/Drivers/STM32F1xx_HAL_Driver/Src/stm32f1xx_hal_adc.c.obj
 .ARM.attributes
                0x0000025a       0x2d CMakeFiles/STM32CheckPower.elf.dir/Drivers/STM32F1xx_HAL_Driver/Src/stm32f1xx_hal_cortex.c.obj
 .ARM.attributes
                0x00000287       0x2d CMakeFiles/STM32CheckPower.elf.dir/Drivers/STM32F1xx_HAL_Driver/Src/stm32f1xx_hal_dma.c.obj
 .ARM.attributes
                0x000002b4       0x2d CMakeFiles/STM32CheckPower.elf.dir/Drivers/STM32F1xx_HAL_Driver/Src/stm32f1xx_hal_gpio.c.obj
 .ARM.attributes
                0x000002e1       0x2d CMakeFiles/STM32CheckPower.elf.dir/Drivers/STM32F1xx_HAL_Driver/Src/stm32f1xx_hal_rcc.c.obj
 .ARM.attributes
                0x0000030e       0x2d CMakeFiles/STM32CheckPower.elf.dir/Drivers/STM32F1xx_HAL_Driver/Src/stm32f1xx_hal_tim.c.obj
 .ARM.attributes
                0x0000033b       0x2d CMakeFiles/STM32CheckPower.elf.dir/Drivers/STM32F1xx_HAL_Driver/Src/stm32f1xx_hal_tim_ex.c.obj
 .ARM.attributes
                0x00000368       0x2d CMakeFiles/STM32CheckPower.elf.dir/Drivers/STM32F1xx_HAL_Driver/Src/stm32f1xx_hal_uart.c.obj
 .ARM.attributes
                0x00000395       0x2d CMakeFiles/STM32CheckPower.elf.dir/Drivers/STM32F1xx_HAL_Driver/Src/stm32f1xx_ll_utils.c.obj
 .ARM.attributes
                0x000003c2       0x2d CMakeFiles/STM32CheckPower.elf.dir/ssd1306/ssd1306.c.obj
 .ARM.attributes
                0x000003ef       0x2d C:/Users/86180/13486F~1.2RE/13C7F1~1.2RE/bin/../lib/gcc/arm-none-eabi/13.2.1/thumb/v7-m/nofp\libg.a(libc_a-memset.o)
 .ARM.attributes
                0x0000041c       0x2d C:/Users/86180/13486F~1.2RE/13C7F1~1.2RE/bin/../lib/gcc/arm-none-eabi/13.2.1/thumb/v7-m/nofp\libg.a(libc_a-init.o)
 .ARM.attributes
                0x00000449       0x2d C:/Users/86180/13486F~1.2RE/13C7F1~1.2RE/bin/../lib/gcc/arm-none-eabi/13.2.1/thumb/v7-m/nofp\libg.a(libc_a-lock.o)
 .ARM.attributes
                0x00000476       0x2d C:/Users/86180/13486F~1.2RE/13C7F1~1.2RE/bin/../lib/gcc/arm-none-eabi/13.2.1/thumb/v7-m/nofp\libg.a(libc_a-__call_atexit.o)
 .ARM.attributes
                0x000004a3       0x2d C:/Users/86180/13486F~1.2RE/13C7F1~1.2RE/bin/../lib/gcc/arm-none-eabi/13.2.1/thumb/v7-m/nofp\libg.a(libc_a-atexit.o)
 .ARM.attributes
                0x000004d0       0x2d C:/Users/86180/13486F~1.2RE/13C7F1~1.2RE/bin/../lib/gcc/arm-none-eabi/13.2.1/thumb/v7-m/nofp\libg.a(libc_a-fini.o)
 .ARM.attributes
                0x000004fd       0x2d C:/Users/86180/13486F~1.2RE/13C7F1~1.2RE/bin/../lib/gcc/arm-none-eabi/13.2.1/thumb/v7-m/nofp\libg.a(libc_a-__atexit.o)
 .ARM.attributes
                0x0000052a       0x2d C:/Users/86180/13486F~1.2RE/13C7F1~1.2RE/bin/../lib/gcc/arm-none-eabi/13.2.1/thumb/v7-m/nofp/crtend.o
 .ARM.attributes
                0x00000557       0x1d C:/Users/86180/13486F~1.2RE/13C7F1~1.2RE/bin/../lib/gcc/arm-none-eabi/13.2.1/thumb/v7-m/nofp/crtn.o
OUTPUT(STM32CheckPower.elf elf32-littlearm)
LOAD linker stubs
LOAD C:/Users/86180/13486F~1.2RE/13C7F1~1.2RE/bin/../lib/gcc/arm-none-eabi/13.2.1/thumb/v7-m/nofp\libc.a
LOAD C:/Users/86180/13486F~1.2RE/13C7F1~1.2RE/bin/../lib/gcc/arm-none-eabi/13.2.1/thumb/v7-m/nofp\libm.a
LOAD C:/Users/86180/13486F~1.2RE/13C7F1~1.2RE/bin/../lib/gcc/arm-none-eabi/13.2.1/thumb/v7-m/nofp\libgcc.a

.debug_info     0x00000000    0x120e4
 .debug_info    0x00000000      0x9d8 CMakeFiles/STM32CheckPower.elf.dir/Core/Src/adc.c.obj
 .debug_info    0x000009d8      0x341 CMakeFiles/STM32CheckPower.elf.dir/Core/Src/dma.c.obj
 .debug_info    0x00000d19      0x3a8 CMakeFiles/STM32CheckPower.elf.dir/Core/Src/gpio.c.obj
 .debug_info    0x000010c1      0xced CMakeFiles/STM32CheckPower.elf.dir/Core/Src/main.c.obj
 .debug_info    0x00001dae      0x23a CMakeFiles/STM32CheckPower.elf.dir/Core/Src/stm32f1xx_hal_msp.c.obj
 .debug_info    0x00001fe8      0x7b7 CMakeFiles/STM32CheckPower.elf.dir/Core/Src/stm32f1xx_it.c.obj
 .debug_info    0x0000279f      0x22d CMakeFiles/STM32CheckPower.elf.dir/Core/Src/system_stm32f1xx.c.obj
 .debug_info    0x000029cc      0xbb9 CMakeFiles/STM32CheckPower.elf.dir/Core/Src/tim.c.obj
 .debug_info    0x00003585      0x836 CMakeFiles/STM32CheckPower.elf.dir/Core/Src/usart.c.obj
 .debug_info    0x00003dbb       0x30 CMakeFiles/STM32CheckPower.elf.dir/Core/Startup/startup_stm32f103c8tx.s.obj
 .debug_info    0x00003deb      0x7a2 CMakeFiles/STM32CheckPower.elf.dir/Drivers/STM32F1xx_HAL_Driver/Src/stm32f1xx_hal.c.obj
 .debug_info    0x0000458d      0xed9 CMakeFiles/STM32CheckPower.elf.dir/Drivers/STM32F1xx_HAL_Driver/Src/stm32f1xx_hal_adc.c.obj
 .debug_info    0x00005466      0xcd9 CMakeFiles/STM32CheckPower.elf.dir/Drivers/STM32F1xx_HAL_Driver/Src/stm32f1xx_hal_cortex.c.obj
 .debug_info    0x0000613f      0x7f2 CMakeFiles/STM32CheckPower.elf.dir/Drivers/STM32F1xx_HAL_Driver/Src/stm32f1xx_hal_dma.c.obj
 .debug_info    0x00006931      0x604 CMakeFiles/STM32CheckPower.elf.dir/Drivers/STM32F1xx_HAL_Driver/Src/stm32f1xx_hal_gpio.c.obj
 .debug_info    0x00006f35      0x9c7 CMakeFiles/STM32CheckPower.elf.dir/Drivers/STM32F1xx_HAL_Driver/Src/stm32f1xx_hal_rcc.c.obj
 .debug_info    0x000078fc     0x3c0f CMakeFiles/STM32CheckPower.elf.dir/Drivers/STM32F1xx_HAL_Driver/Src/stm32f1xx_hal_tim.c.obj
 .debug_info    0x0000b50b     0x1aac CMakeFiles/STM32CheckPower.elf.dir/Drivers/STM32F1xx_HAL_Driver/Src/stm32f1xx_hal_tim_ex.c.obj
 .debug_info    0x0000cfb7     0x3f85 CMakeFiles/STM32CheckPower.elf.dir/Drivers/STM32F1xx_HAL_Driver/Src/stm32f1xx_hal_uart.c.obj
 .debug_info    0x00010f3c      0xac7 CMakeFiles/STM32CheckPower.elf.dir/Drivers/STM32F1xx_HAL_Driver/Src/stm32f1xx_ll_utils.c.obj
 .debug_info    0x00011a03      0x6e1 CMakeFiles/STM32CheckPower.elf.dir/ssd1306/ssd1306.c.obj

.debug_abbrev   0x00000000     0x2cca
 .debug_abbrev  0x00000000      0x23e CMakeFiles/STM32CheckPower.elf.dir/Core/Src/adc.c.obj
 .debug_abbrev  0x0000023e      0x143 CMakeFiles/STM32CheckPower.elf.dir/Core/Src/dma.c.obj
 .debug_abbrev  0x00000381      0x17b CMakeFiles/STM32CheckPower.elf.dir/Core/Src/gpio.c.obj
 .debug_abbrev  0x000004fc      0x37a CMakeFiles/STM32CheckPower.elf.dir/Core/Src/main.c.obj
 .debug_abbrev  0x00000876      0x105 CMakeFiles/STM32CheckPower.elf.dir/Core/Src/stm32f1xx_hal_msp.c.obj
 .debug_abbrev  0x0000097b      0x1dc CMakeFiles/STM32CheckPower.elf.dir/Core/Src/stm32f1xx_it.c.obj
 .debug_abbrev  0x00000b57      0x143 CMakeFiles/STM32CheckPower.elf.dir/Core/Src/system_stm32f1xx.c.obj
 .debug_abbrev  0x00000c9a      0x248 CMakeFiles/STM32CheckPower.elf.dir/Core/Src/tim.c.obj
 .debug_abbrev  0x00000ee2      0x227 CMakeFiles/STM32CheckPower.elf.dir/Core/Src/usart.c.obj
 .debug_abbrev  0x00001109       0x24 CMakeFiles/STM32CheckPower.elf.dir/Core/Startup/startup_stm32f103c8tx.s.obj
 .debug_abbrev  0x0000112d      0x22d CMakeFiles/STM32CheckPower.elf.dir/Drivers/STM32F1xx_HAL_Driver/Src/stm32f1xx_hal.c.obj
 .debug_abbrev  0x0000135a      0x252 CMakeFiles/STM32CheckPower.elf.dir/Drivers/STM32F1xx_HAL_Driver/Src/stm32f1xx_hal_adc.c.obj
 .debug_abbrev  0x000015ac      0x36d CMakeFiles/STM32CheckPower.elf.dir/Drivers/STM32F1xx_HAL_Driver/Src/stm32f1xx_hal_cortex.c.obj
 .debug_abbrev  0x00001919      0x244 CMakeFiles/STM32CheckPower.elf.dir/Drivers/STM32F1xx_HAL_Driver/Src/stm32f1xx_hal_dma.c.obj
 .debug_abbrev  0x00001b5d      0x1f7 CMakeFiles/STM32CheckPower.elf.dir/Drivers/STM32F1xx_HAL_Driver/Src/stm32f1xx_hal_gpio.c.obj
 .debug_abbrev  0x00001d54      0x2a0 CMakeFiles/STM32CheckPower.elf.dir/Drivers/STM32F1xx_HAL_Driver/Src/stm32f1xx_hal_rcc.c.obj
 .debug_abbrev  0x00001ff4      0x270 CMakeFiles/STM32CheckPower.elf.dir/Drivers/STM32F1xx_HAL_Driver/Src/stm32f1xx_hal_tim.c.obj
 .debug_abbrev  0x00002264      0x26e CMakeFiles/STM32CheckPower.elf.dir/Drivers/STM32F1xx_HAL_Driver/Src/stm32f1xx_hal_tim_ex.c.obj
 .debug_abbrev  0x000024d2      0x31c CMakeFiles/STM32CheckPower.elf.dir/Drivers/STM32F1xx_HAL_Driver/Src/stm32f1xx_hal_uart.c.obj
 .debug_abbrev  0x000027ee      0x2c6 CMakeFiles/STM32CheckPower.elf.dir/Drivers/STM32F1xx_HAL_Driver/Src/stm32f1xx_ll_utils.c.obj
 .debug_abbrev  0x00002ab4      0x216 CMakeFiles/STM32CheckPower.elf.dir/ssd1306/ssd1306.c.obj

.debug_loclists
                0x00000000     0x9c28
 .debug_loclists
                0x00000000       0x95 CMakeFiles/STM32CheckPower.elf.dir/Core/Src/adc.c.obj
 .debug_loclists
                0x00000095       0xbd CMakeFiles/STM32CheckPower.elf.dir/Core/Src/main.c.obj
 .debug_loclists
                0x00000152       0x17 CMakeFiles/STM32CheckPower.elf.dir/Core/Src/stm32f1xx_hal_msp.c.obj
 .debug_loclists
                0x00000169       0xb7 CMakeFiles/STM32CheckPower.elf.dir/Core/Src/system_stm32f1xx.c.obj
 .debug_loclists
                0x00000220       0x5d CMakeFiles/STM32CheckPower.elf.dir/Core/Src/tim.c.obj
 .debug_loclists
                0x0000027d       0x74 CMakeFiles/STM32CheckPower.elf.dir/Core/Src/usart.c.obj
 .debug_loclists
                0x000002f1       0xe1 CMakeFiles/STM32CheckPower.elf.dir/Drivers/STM32F1xx_HAL_Driver/Src/stm32f1xx_hal.c.obj
 .debug_loclists
                0x000003d2      0x7c5 CMakeFiles/STM32CheckPower.elf.dir/Drivers/STM32F1xx_HAL_Driver/Src/stm32f1xx_hal_adc.c.obj
 .debug_loclists
                0x00000b97      0x530 CMakeFiles/STM32CheckPower.elf.dir/Drivers/STM32F1xx_HAL_Driver/Src/stm32f1xx_hal_cortex.c.obj
 .debug_loclists
                0x000010c7      0x562 CMakeFiles/STM32CheckPower.elf.dir/Drivers/STM32F1xx_HAL_Driver/Src/stm32f1xx_hal_dma.c.obj
 .debug_loclists
                0x00001629      0x318 CMakeFiles/STM32CheckPower.elf.dir/Drivers/STM32F1xx_HAL_Driver/Src/stm32f1xx_hal_gpio.c.obj
 .debug_loclists
                0x00001941      0x42e CMakeFiles/STM32CheckPower.elf.dir/Drivers/STM32F1xx_HAL_Driver/Src/stm32f1xx_hal_rcc.c.obj
 .debug_loclists
                0x00001d6f     0x37db CMakeFiles/STM32CheckPower.elf.dir/Drivers/STM32F1xx_HAL_Driver/Src/stm32f1xx_hal_tim.c.obj
 .debug_loclists
                0x0000554a     0x1398 CMakeFiles/STM32CheckPower.elf.dir/Drivers/STM32F1xx_HAL_Driver/Src/stm32f1xx_hal_tim_ex.c.obj
 .debug_loclists
                0x000068e2     0x2c86 CMakeFiles/STM32CheckPower.elf.dir/Drivers/STM32F1xx_HAL_Driver/Src/stm32f1xx_hal_uart.c.obj
 .debug_loclists
                0x00009568      0x3f5 CMakeFiles/STM32CheckPower.elf.dir/Drivers/STM32F1xx_HAL_Driver/Src/stm32f1xx_ll_utils.c.obj
 .debug_loclists
                0x0000995d      0x2cb CMakeFiles/STM32CheckPower.elf.dir/ssd1306/ssd1306.c.obj

.debug_aranges  0x00000000      0xe18
 .debug_aranges
                0x00000000       0x38 CMakeFiles/STM32CheckPower.elf.dir/Core/Src/adc.c.obj
 .debug_aranges
                0x00000038       0x20 CMakeFiles/STM32CheckPower.elf.dir/Core/Src/dma.c.obj
 .debug_aranges
                0x00000058       0x20 CMakeFiles/STM32CheckPower.elf.dir/Core/Src/gpio.c.obj
 .debug_aranges
                0x00000078       0x38 CMakeFiles/STM32CheckPower.elf.dir/Core/Src/main.c.obj
 .debug_aranges
                0x000000b0       0x20 CMakeFiles/STM32CheckPower.elf.dir/Core/Src/stm32f1xx_hal_msp.c.obj
 .debug_aranges
                0x000000d0       0x70 CMakeFiles/STM32CheckPower.elf.dir/Core/Src/stm32f1xx_it.c.obj
 .debug_aranges
                0x00000140       0x28 CMakeFiles/STM32CheckPower.elf.dir/Core/Src/system_stm32f1xx.c.obj
 .debug_aranges
                0x00000168       0x30 CMakeFiles/STM32CheckPower.elf.dir/Core/Src/tim.c.obj
 .debug_aranges
                0x00000198       0x30 CMakeFiles/STM32CheckPower.elf.dir/Core/Src/usart.c.obj
 .debug_aranges
                0x000001c8       0x28 CMakeFiles/STM32CheckPower.elf.dir/Core/Startup/startup_stm32f103c8tx.s.obj
 .debug_aranges
                0x000001f0       0xe0 CMakeFiles/STM32CheckPower.elf.dir/Drivers/STM32F1xx_HAL_Driver/Src/stm32f1xx_hal.c.obj
 .debug_aranges
                0x000002d0       0xf0 CMakeFiles/STM32CheckPower.elf.dir/Drivers/STM32F1xx_HAL_Driver/Src/stm32f1xx_hal_adc.c.obj
 .debug_aranges
                0x000003c0       0xc0 CMakeFiles/STM32CheckPower.elf.dir/Drivers/STM32F1xx_HAL_Driver/Src/stm32f1xx_hal_cortex.c.obj
 .debug_aranges
                0x00000480       0x80 CMakeFiles/STM32CheckPower.elf.dir/Drivers/STM32F1xx_HAL_Driver/Src/stm32f1xx_hal_dma.c.obj
 .debug_aranges
                0x00000500       0x58 CMakeFiles/STM32CheckPower.elf.dir/Drivers/STM32F1xx_HAL_Driver/Src/stm32f1xx_hal_gpio.c.obj
 .debug_aranges
                0x00000558       0x90 CMakeFiles/STM32CheckPower.elf.dir/Drivers/STM32F1xx_HAL_Driver/Src/stm32f1xx_hal_rcc.c.obj
 .debug_aranges
                0x000005e8      0x3d0 CMakeFiles/STM32CheckPower.elf.dir/Drivers/STM32F1xx_HAL_Driver/Src/stm32f1xx_hal_tim.c.obj
 .debug_aranges
                0x000009b8      0x168 CMakeFiles/STM32CheckPower.elf.dir/Drivers/STM32F1xx_HAL_Driver/Src/stm32f1xx_hal_tim_ex.c.obj
 .debug_aranges
                0x00000b20      0x208 CMakeFiles/STM32CheckPower.elf.dir/Drivers/STM32F1xx_HAL_Driver/Src/stm32f1xx_hal_uart.c.obj
 .debug_aranges
                0x00000d28       0x68 CMakeFiles/STM32CheckPower.elf.dir/Drivers/STM32F1xx_HAL_Driver/Src/stm32f1xx_ll_utils.c.obj
 .debug_aranges
                0x00000d90       0x88 CMakeFiles/STM32CheckPower.elf.dir/ssd1306/ssd1306.c.obj

.debug_rnglists
                0x00000000      0xaac
 .debug_rnglists
                0x00000000       0x26 CMakeFiles/STM32CheckPower.elf.dir/Core/Src/adc.c.obj
 .debug_rnglists
                0x00000026       0x13 CMakeFiles/STM32CheckPower.elf.dir/Core/Src/dma.c.obj
 .debug_rnglists
                0x00000039       0x14 CMakeFiles/STM32CheckPower.elf.dir/Core/Src/gpio.c.obj
 .debug_rnglists
                0x0000004d       0x26 CMakeFiles/STM32CheckPower.elf.dir/Core/Src/main.c.obj
 .debug_rnglists
                0x00000073       0x13 CMakeFiles/STM32CheckPower.elf.dir/Core/Src/stm32f1xx_hal_msp.c.obj
 .debug_rnglists
                0x00000086       0x4f CMakeFiles/STM32CheckPower.elf.dir/Core/Src/stm32f1xx_it.c.obj
 .debug_rnglists
                0x000000d5       0x1a CMakeFiles/STM32CheckPower.elf.dir/Core/Src/system_stm32f1xx.c.obj
 .debug_rnglists
                0x000000ef       0x20 CMakeFiles/STM32CheckPower.elf.dir/Core/Src/tim.c.obj
 .debug_rnglists
                0x0000010f       0x1f CMakeFiles/STM32CheckPower.elf.dir/Core/Src/usart.c.obj
 .debug_rnglists
                0x0000012e       0x19 CMakeFiles/STM32CheckPower.elf.dir/Core/Startup/startup_stm32f103c8tx.s.obj
 .debug_rnglists
                0x00000147       0xa3 CMakeFiles/STM32CheckPower.elf.dir/Drivers/STM32F1xx_HAL_Driver/Src/stm32f1xx_hal.c.obj
 .debug_rnglists
                0x000001ea       0xb8 CMakeFiles/STM32CheckPower.elf.dir/Drivers/STM32F1xx_HAL_Driver/Src/stm32f1xx_hal_adc.c.obj
 .debug_rnglists
                0x000002a2       0x8b CMakeFiles/STM32CheckPower.elf.dir/Drivers/STM32F1xx_HAL_Driver/Src/stm32f1xx_hal_cortex.c.obj
 .debug_rnglists
                0x0000032d       0x5e CMakeFiles/STM32CheckPower.elf.dir/Drivers/STM32F1xx_HAL_Driver/Src/stm32f1xx_hal_dma.c.obj
 .debug_rnglists
                0x0000038b       0x3f CMakeFiles/STM32CheckPower.elf.dir/Drivers/STM32F1xx_HAL_Driver/Src/stm32f1xx_hal_gpio.c.obj
 .debug_rnglists
                0x000003ca       0x7d CMakeFiles/STM32CheckPower.elf.dir/Drivers/STM32F1xx_HAL_Driver/Src/stm32f1xx_hal_rcc.c.obj
 .debug_rnglists
                0x00000447      0x2ff CMakeFiles/STM32CheckPower.elf.dir/Drivers/STM32F1xx_HAL_Driver/Src/stm32f1xx_hal_tim.c.obj
 .debug_rnglists
                0x00000746      0x11a CMakeFiles/STM32CheckPower.elf.dir/Drivers/STM32F1xx_HAL_Driver/Src/stm32f1xx_hal_tim_ex.c.obj
 .debug_rnglists
                0x00000860      0x1a1 CMakeFiles/STM32CheckPower.elf.dir/Drivers/STM32F1xx_HAL_Driver/Src/stm32f1xx_hal_uart.c.obj
 .debug_rnglists
                0x00000a01       0x4a CMakeFiles/STM32CheckPower.elf.dir/Drivers/STM32F1xx_HAL_Driver/Src/stm32f1xx_ll_utils.c.obj
 .debug_rnglists
                0x00000a4b       0x61 CMakeFiles/STM32CheckPower.elf.dir/ssd1306/ssd1306.c.obj

.debug_line     0x00000000     0xf796
 .debug_line    0x00000000      0x494 CMakeFiles/STM32CheckPower.elf.dir/Core/Src/adc.c.obj
 .debug_line    0x00000494      0x1df CMakeFiles/STM32CheckPower.elf.dir/Core/Src/dma.c.obj
 .debug_line    0x00000673      0x24e CMakeFiles/STM32CheckPower.elf.dir/Core/Src/gpio.c.obj
 .debug_line    0x000008c1      0x5d2 CMakeFiles/STM32CheckPower.elf.dir/Core/Src/main.c.obj
 .debug_line    0x00000e93      0x1de CMakeFiles/STM32CheckPower.elf.dir/Core/Src/stm32f1xx_hal_msp.c.obj
 .debug_line    0x00001071      0x33c CMakeFiles/STM32CheckPower.elf.dir/Core/Src/stm32f1xx_it.c.obj
 .debug_line    0x000013ad      0x251 CMakeFiles/STM32CheckPower.elf.dir/Core/Src/system_stm32f1xx.c.obj
 .debug_line    0x000015fe      0x3a6 CMakeFiles/STM32CheckPower.elf.dir/Core/Src/tim.c.obj
 .debug_line    0x000019a4      0x355 CMakeFiles/STM32CheckPower.elf.dir/Core/Src/usart.c.obj
 .debug_line    0x00001cf9       0x78 CMakeFiles/STM32CheckPower.elf.dir/Core/Startup/startup_stm32f103c8tx.s.obj
 .debug_line    0x00001d71      0x576 CMakeFiles/STM32CheckPower.elf.dir/Drivers/STM32F1xx_HAL_Driver/Src/stm32f1xx_hal.c.obj
 .debug_line    0x000022e7      0xeae CMakeFiles/STM32CheckPower.elf.dir/Drivers/STM32F1xx_HAL_Driver/Src/stm32f1xx_hal_adc.c.obj
 .debug_line    0x00003195      0x6d1 CMakeFiles/STM32CheckPower.elf.dir/Drivers/STM32F1xx_HAL_Driver/Src/stm32f1xx_hal_cortex.c.obj
 .debug_line    0x00003866      0xb19 CMakeFiles/STM32CheckPower.elf.dir/Drivers/STM32F1xx_HAL_Driver/Src/stm32f1xx_hal_dma.c.obj
 .debug_line    0x0000437f      0x5fa CMakeFiles/STM32CheckPower.elf.dir/Drivers/STM32F1xx_HAL_Driver/Src/stm32f1xx_hal_gpio.c.obj
 .debug_line    0x00004979      0xcd4 CMakeFiles/STM32CheckPower.elf.dir/Drivers/STM32F1xx_HAL_Driver/Src/stm32f1xx_hal_rcc.c.obj
 .debug_line    0x0000564d     0x4619 CMakeFiles/STM32CheckPower.elf.dir/Drivers/STM32F1xx_HAL_Driver/Src/stm32f1xx_hal_tim.c.obj
 .debug_line    0x00009c66     0x1a16 CMakeFiles/STM32CheckPower.elf.dir/Drivers/STM32F1xx_HAL_Driver/Src/stm32f1xx_hal_tim_ex.c.obj
 .debug_line    0x0000b67c     0x34e7 CMakeFiles/STM32CheckPower.elf.dir/Drivers/STM32F1xx_HAL_Driver/Src/stm32f1xx_hal_uart.c.obj
 .debug_line    0x0000eb63      0x75e CMakeFiles/STM32CheckPower.elf.dir/Drivers/STM32F1xx_HAL_Driver/Src/stm32f1xx_ll_utils.c.obj
 .debug_line    0x0000f2c1      0x4d5 CMakeFiles/STM32CheckPower.elf.dir/ssd1306/ssd1306.c.obj

.debug_str      0x00000000     0x437c
 .debug_str     0x00000000     0x437c CMakeFiles/STM32CheckPower.elf.dir/Core/Src/adc.c.obj
                                0x6b9 (size before relaxing)
 .debug_str     0x0000437c      0x539 CMakeFiles/STM32CheckPower.elf.dir/Core/Src/dma.c.obj
 .debug_str     0x0000437c      0x2da CMakeFiles/STM32CheckPower.elf.dir/Core/Src/gpio.c.obj
 .debug_str     0x0000437c      0x8ff CMakeFiles/STM32CheckPower.elf.dir/Core/Src/main.c.obj
 .debug_str     0x0000437c      0x26e CMakeFiles/STM32CheckPower.elf.dir/Core/Src/stm32f1xx_hal_msp.c.obj
 .debug_str     0x0000437c      0x7d7 CMakeFiles/STM32CheckPower.elf.dir/Core/Src/stm32f1xx_it.c.obj
 .debug_str     0x0000437c      0x27e CMakeFiles/STM32CheckPower.elf.dir/Core/Src/system_stm32f1xx.c.obj
 .debug_str     0x0000437c      0xc14 CMakeFiles/STM32CheckPower.elf.dir/Core/Src/tim.c.obj
 .debug_str     0x0000437c      0x70f CMakeFiles/STM32CheckPower.elf.dir/Core/Src/usart.c.obj
 .debug_str     0x0000437c       0x8f CMakeFiles/STM32CheckPower.elf.dir/Core/Startup/startup_stm32f103c8tx.s.obj
 .debug_str     0x0000437c      0x858 CMakeFiles/STM32CheckPower.elf.dir/Drivers/STM32F1xx_HAL_Driver/Src/stm32f1xx_hal.c.obj
 .debug_str     0x0000437c      0x904 CMakeFiles/STM32CheckPower.elf.dir/Drivers/STM32F1xx_HAL_Driver/Src/stm32f1xx_hal_adc.c.obj
 .debug_str     0x0000437c      0x8fd CMakeFiles/STM32CheckPower.elf.dir/Drivers/STM32F1xx_HAL_Driver/Src/stm32f1xx_hal_cortex.c.obj
 .debug_str     0x0000437c      0x627 CMakeFiles/STM32CheckPower.elf.dir/Drivers/STM32F1xx_HAL_Driver/Src/stm32f1xx_hal_dma.c.obj
 .debug_str     0x0000437c      0x42a CMakeFiles/STM32CheckPower.elf.dir/Drivers/STM32F1xx_HAL_Driver/Src/stm32f1xx_hal_gpio.c.obj
 .debug_str     0x0000437c      0x655 CMakeFiles/STM32CheckPower.elf.dir/Drivers/STM32F1xx_HAL_Driver/Src/stm32f1xx_hal_rcc.c.obj
 .debug_str     0x0000437c     0x16af CMakeFiles/STM32CheckPower.elf.dir/Drivers/STM32F1xx_HAL_Driver/Src/stm32f1xx_hal_tim.c.obj
 .debug_str     0x0000437c      0xebb CMakeFiles/STM32CheckPower.elf.dir/Drivers/STM32F1xx_HAL_Driver/Src/stm32f1xx_hal_tim_ex.c.obj
 .debug_str     0x0000437c      0xd1e CMakeFiles/STM32CheckPower.elf.dir/Drivers/STM32F1xx_HAL_Driver/Src/stm32f1xx_hal_uart.c.obj
 .debug_str     0x0000437c      0x66f CMakeFiles/STM32CheckPower.elf.dir/Drivers/STM32F1xx_HAL_Driver/Src/stm32f1xx_ll_utils.c.obj
 .debug_str     0x0000437c      0x2e8 CMakeFiles/STM32CheckPower.elf.dir/ssd1306/ssd1306.c.obj

.comment        0x00000000       0x44
 .comment       0x00000000       0x44 CMakeFiles/STM32CheckPower.elf.dir/Core/Src/adc.c.obj
                                 0x45 (size before relaxing)
 .comment       0x00000044       0x45 CMakeFiles/STM32CheckPower.elf.dir/Core/Src/dma.c.obj
 .comment       0x00000044       0x45 CMakeFiles/STM32CheckPower.elf.dir/Core/Src/gpio.c.obj
 .comment       0x00000044       0x45 CMakeFiles/STM32CheckPower.elf.dir/Core/Src/main.c.obj
 .comment       0x00000044       0x45 CMakeFiles/STM32CheckPower.elf.dir/Core/Src/stm32f1xx_hal_msp.c.obj
 .comment       0x00000044       0x45 CMakeFiles/STM32CheckPower.elf.dir/Core/Src/stm32f1xx_it.c.obj
 .comment       0x00000044       0x45 CMakeFiles/STM32CheckPower.elf.dir/Core/Src/system_stm32f1xx.c.obj
 .comment       0x00000044       0x45 CMakeFiles/STM32CheckPower.elf.dir/Core/Src/tim.c.obj
 .comment       0x00000044       0x45 CMakeFiles/STM32CheckPower.elf.dir/Core/Src/usart.c.obj
 .comment       0x00000044       0x45 CMakeFiles/STM32CheckPower.elf.dir/Drivers/STM32F1xx_HAL_Driver/Src/stm32f1xx_hal.c.obj
 .comment       0x00000044       0x45 CMakeFiles/STM32CheckPower.elf.dir/Drivers/STM32F1xx_HAL_Driver/Src/stm32f1xx_hal_adc.c.obj
 .comment       0x00000044       0x45 CMakeFiles/STM32CheckPower.elf.dir/Drivers/STM32F1xx_HAL_Driver/Src/stm32f1xx_hal_cortex.c.obj
 .comment       0x00000044       0x45 CMakeFiles/STM32CheckPower.elf.dir/Drivers/STM32F1xx_HAL_Driver/Src/stm32f1xx_hal_dma.c.obj
 .comment       0x00000044       0x45 CMakeFiles/STM32CheckPower.elf.dir/Drivers/STM32F1xx_HAL_Driver/Src/stm32f1xx_hal_gpio.c.obj
 .comment       0x00000044       0x45 CMakeFiles/STM32CheckPower.elf.dir/Drivers/STM32F1xx_HAL_Driver/Src/stm32f1xx_hal_rcc.c.obj
 .comment       0x00000044       0x45 CMakeFiles/STM32CheckPower.elf.dir/Drivers/STM32F1xx_HAL_Driver/Src/stm32f1xx_hal_tim.c.obj
 .comment       0x00000044       0x45 CMakeFiles/STM32CheckPower.elf.dir/Drivers/STM32F1xx_HAL_Driver/Src/stm32f1xx_hal_tim_ex.c.obj
 .comment       0x00000044       0x45 CMakeFiles/STM32CheckPower.elf.dir/Drivers/STM32F1xx_HAL_Driver/Src/stm32f1xx_hal_uart.c.obj
 .comment       0x00000044       0x45 CMakeFiles/STM32CheckPower.elf.dir/Drivers/STM32F1xx_HAL_Driver/Src/stm32f1xx_ll_utils.c.obj
 .comment       0x00000044       0x45 CMakeFiles/STM32CheckPower.elf.dir/ssd1306/ssd1306.c.obj

.debug_frame    0x00000000     0x268c
 .debug_frame   0x00000000       0x88 CMakeFiles/STM32CheckPower.elf.dir/Core/Src/adc.c.obj
 .debug_frame   0x00000088       0x2c CMakeFiles/STM32CheckPower.elf.dir/Core/Src/dma.c.obj
 .debug_frame   0x000000b4       0x38 CMakeFiles/STM32CheckPower.elf.dir/Core/Src/gpio.c.obj
 .debug_frame   0x000000ec       0x78 CMakeFiles/STM32CheckPower.elf.dir/Core/Src/main.c.obj
 .debug_frame   0x00000164       0x28 CMakeFiles/STM32CheckPower.elf.dir/Core/Src/stm32f1xx_hal_msp.c.obj
 .debug_frame   0x0000018c       0xd8 CMakeFiles/STM32CheckPower.elf.dir/Core/Src/stm32f1xx_it.c.obj
 .debug_frame   0x00000264       0x30 CMakeFiles/STM32CheckPower.elf.dir/Core/Src/system_stm32f1xx.c.obj
 .debug_frame   0x00000294       0x64 CMakeFiles/STM32CheckPower.elf.dir/Core/Src/tim.c.obj
 .debug_frame   0x000002f8       0x60 CMakeFiles/STM32CheckPower.elf.dir/Core/Src/usart.c.obj
 .debug_frame   0x00000358      0x1cc CMakeFiles/STM32CheckPower.elf.dir/Drivers/STM32F1xx_HAL_Driver/Src/stm32f1xx_hal.c.obj
 .debug_frame   0x00000524      0x2c8 CMakeFiles/STM32CheckPower.elf.dir/Drivers/STM32F1xx_HAL_Driver/Src/stm32f1xx_hal_adc.c.obj
 .debug_frame   0x000007ec      0x19c CMakeFiles/STM32CheckPower.elf.dir/Drivers/STM32F1xx_HAL_Driver/Src/stm32f1xx_hal_cortex.c.obj
 .debug_frame   0x00000988      0x144 CMakeFiles/STM32CheckPower.elf.dir/Drivers/STM32F1xx_HAL_Driver/Src/stm32f1xx_hal_dma.c.obj
 .debug_frame   0x00000acc       0xe4 CMakeFiles/STM32CheckPower.elf.dir/Drivers/STM32F1xx_HAL_Driver/Src/stm32f1xx_hal_gpio.c.obj
 .debug_frame   0x00000bb0      0x184 CMakeFiles/STM32CheckPower.elf.dir/Drivers/STM32F1xx_HAL_Driver/Src/stm32f1xx_hal_rcc.c.obj
 .debug_frame   0x00000d34      0xb18 CMakeFiles/STM32CheckPower.elf.dir/Drivers/STM32F1xx_HAL_Driver/Src/stm32f1xx_hal_tim.c.obj
 .debug_frame   0x0000184c      0x418 CMakeFiles/STM32CheckPower.elf.dir/Drivers/STM32F1xx_HAL_Driver/Src/stm32f1xx_hal_tim_ex.c.obj
 .debug_frame   0x00001c64      0x5dc CMakeFiles/STM32CheckPower.elf.dir/Drivers/STM32F1xx_HAL_Driver/Src/stm32f1xx_hal_uart.c.obj
 .debug_frame   0x00002240       0xec CMakeFiles/STM32CheckPower.elf.dir/Drivers/STM32F1xx_HAL_Driver/Src/stm32f1xx_ll_utils.c.obj
 .debug_frame   0x0000232c      0x174 CMakeFiles/STM32CheckPower.elf.dir/ssd1306/ssd1306.c.obj
 .debug_frame   0x000024a0       0x2c C:/Users/86180/13486F~1.2RE/13C7F1~1.2RE/bin/../lib/gcc/arm-none-eabi/13.2.1/thumb/v7-m/nofp\libg.a(libc_a-memset.o)
 .debug_frame   0x000024cc       0x2c C:/Users/86180/13486F~1.2RE/13C7F1~1.2RE/bin/../lib/gcc/arm-none-eabi/13.2.1/thumb/v7-m/nofp\libg.a(libc_a-init.o)
 .debug_frame   0x000024f8       0xb0 C:/Users/86180/13486F~1.2RE/13C7F1~1.2RE/bin/../lib/gcc/arm-none-eabi/13.2.1/thumb/v7-m/nofp\libg.a(libc_a-lock.o)
 .debug_frame   0x000025a8       0x5c C:/Users/86180/13486F~1.2RE/13C7F1~1.2RE/bin/../lib/gcc/arm-none-eabi/13.2.1/thumb/v7-m/nofp\libg.a(libc_a-__call_atexit.o)
 .debug_frame   0x00002604       0x20 C:/Users/86180/13486F~1.2RE/13C7F1~1.2RE/bin/../lib/gcc/arm-none-eabi/13.2.1/thumb/v7-m/nofp\libg.a(libc_a-atexit.o)
 .debug_frame   0x00002624       0x34 C:/Users/86180/13486F~1.2RE/13C7F1~1.2RE/bin/../lib/gcc/arm-none-eabi/13.2.1/thumb/v7-m/nofp\libg.a(libc_a-fini.o)
 .debug_frame   0x00002658       0x34 C:/Users/86180/13486F~1.2RE/13C7F1~1.2RE/bin/../lib/gcc/arm-none-eabi/13.2.1/thumb/v7-m/nofp\libg.a(libc_a-__atexit.o)

.debug_line_str
                0x00000000       0x73
 .debug_line_str
                0x00000000       0x73 CMakeFiles/STM32CheckPower.elf.dir/Core/Startup/startup_stm32f103c8tx.s.obj
