Archive member included to satisfy reference by file (symbol)

C:/Users/86180/13486F~1.2RE/13C7F1~1.2RE/bin/../lib/gcc/arm-none-eabi/13.2.1/thumb/v7-m/nofp\libgcc.a(_arm_mulsf3.o)
                              CMakeFiles/STM32CheckPower.elf.dir/ssd1306/ssd1306.c.obj (__aeabi_fmul)
C:/Users/86180/13486F~1.2RE/13C7F1~1.2RE/bin/../lib/gcc/arm-none-eabi/13.2.1/thumb/v7-m/nofp\libgcc.a(_arm_addsubdf3.o)
                              CMakeFiles/STM32CheckPower.elf.dir/ssd1306/ssd1306_tests.c.obj (__aeabi_ui2d)
C:/Users/86180/13486F~1.2RE/13C7F1~1.2RE/bin/../lib/gcc/arm-none-eabi/13.2.1/thumb/v7-m/nofp\libgcc.a(_arm_muldivdf3.o)
                              CMakeFiles/STM32CheckPower.elf.dir/ssd1306/ssd1306_tests.c.obj (__aeabi_ddiv)
C:/Users/86180/13486F~1.2RE/13C7F1~1.2RE/bin/../lib/gcc/arm-none-eabi/13.2.1/thumb/v7-m/nofp\libgcc.a(_arm_fixdfsi.o)
                              CMakeFiles/STM32CheckPower.elf.dir/ssd1306/ssd1306_tests.c.obj (__aeabi_d2iz)
C:/Users/86180/13486F~1.2RE/13C7F1~1.2RE/bin/../lib/gcc/arm-none-eabi/13.2.1/thumb/v7-m/nofp\libgcc.a(_arm_addsubsf3.o)
                              CMakeFiles/STM32CheckPower.elf.dir/ssd1306/ssd1306.c.obj (__aeabi_ui2f)
C:/Users/86180/13486F~1.2RE/13C7F1~1.2RE/bin/../lib/gcc/arm-none-eabi/13.2.1/thumb/v7-m/nofp\libgcc.a(_arm_muldivsf3.o)
                              CMakeFiles/STM32CheckPower.elf.dir/ssd1306/ssd1306.c.obj (__aeabi_fdiv)
C:/Users/86180/13486F~1.2RE/13C7F1~1.2RE/bin/../lib/gcc/arm-none-eabi/13.2.1/thumb/v7-m/nofp\libgcc.a(_arm_fixsfsi.o)
                              CMakeFiles/STM32CheckPower.elf.dir/ssd1306/ssd1306.c.obj (__aeabi_f2iz)
C:/Users/86180/13486F~1.2RE/13C7F1~1.2RE/bin/../lib/gcc/arm-none-eabi/13.2.1/thumb/v7-m/nofp\libg.a(libc_a-exit.o)
                              C:/Users/86180/13486F~1.2RE/13C7F1~1.2RE/bin/../lib/gcc/arm-none-eabi/13.2.1/thumb/v7-m/nofp/crt0.o (exit)
C:/Users/86180/13486F~1.2RE/13C7F1~1.2RE/bin/../lib/gcc/arm-none-eabi/13.2.1/thumb/v7-m/nofp\libg.a(libc_a-findfp.o)
                              C:/Users/86180/13486F~1.2RE/13C7F1~1.2RE/bin/../lib/gcc/arm-none-eabi/13.2.1/thumb/v7-m/nofp\libg.a(libc_a-exit.o) (__stdio_exit_handler)
C:/Users/86180/13486F~1.2RE/13C7F1~1.2RE/bin/../lib/gcc/arm-none-eabi/13.2.1/thumb/v7-m/nofp\libg.a(libc_a-fwalk.o)
                              C:/Users/86180/13486F~1.2RE/13C7F1~1.2RE/bin/../lib/gcc/arm-none-eabi/13.2.1/thumb/v7-m/nofp\libg.a(libc_a-findfp.o) (_fwalk_sglue)
C:/Users/86180/13486F~1.2RE/13C7F1~1.2RE/bin/../lib/gcc/arm-none-eabi/13.2.1/thumb/v7-m/nofp\libg.a(libc_a-setvbuf.o)
                              CMakeFiles/STM32CheckPower.elf.dir/Core/Src/retarget.c.obj (setvbuf)
C:/Users/86180/13486F~1.2RE/13C7F1~1.2RE/bin/../lib/gcc/arm-none-eabi/13.2.1/thumb/v7-m/nofp\libg.a(libc_a-snprintf.o)
                              CMakeFiles/STM32CheckPower.elf.dir/ssd1306/ssd1306_tests.c.obj (snprintf)
C:/Users/86180/13486F~1.2RE/13C7F1~1.2RE/bin/../lib/gcc/arm-none-eabi/13.2.1/thumb/v7-m/nofp\libg.a(libc_a-stdio.o)
                              C:/Users/86180/13486F~1.2RE/13C7F1~1.2RE/bin/../lib/gcc/arm-none-eabi/13.2.1/thumb/v7-m/nofp\libg.a(libc_a-findfp.o) (__sread)
C:/Users/86180/13486F~1.2RE/13C7F1~1.2RE/bin/../lib/gcc/arm-none-eabi/13.2.1/thumb/v7-m/nofp\libg.a(libc_a-memmove.o)
                              CMakeFiles/STM32CheckPower.elf.dir/ssd1306/ssd1306_tests.c.obj (memmove)
C:/Users/86180/13486F~1.2RE/13C7F1~1.2RE/bin/../lib/gcc/arm-none-eabi/13.2.1/thumb/v7-m/nofp\libg.a(libc_a-memset.o)
                              C:/Users/86180/13486F~1.2RE/13C7F1~1.2RE/bin/../lib/gcc/arm-none-eabi/13.2.1/thumb/v7-m/nofp/crt0.o (memset)
C:/Users/86180/13486F~1.2RE/13C7F1~1.2RE/bin/../lib/gcc/arm-none-eabi/13.2.1/thumb/v7-m/nofp\libg.a(libc_a-closer.o)
                              C:/Users/86180/13486F~1.2RE/13C7F1~1.2RE/bin/../lib/gcc/arm-none-eabi/13.2.1/thumb/v7-m/nofp\libg.a(libc_a-stdio.o) (_close_r)
C:/Users/86180/13486F~1.2RE/13C7F1~1.2RE/bin/../lib/gcc/arm-none-eabi/13.2.1/thumb/v7-m/nofp\libg.a(libc_a-reent.o)
                              C:/Users/86180/13486F~1.2RE/13C7F1~1.2RE/bin/../lib/gcc/arm-none-eabi/13.2.1/thumb/v7-m/nofp\libg.a(libc_a-closer.o) (errno)
C:/Users/86180/13486F~1.2RE/13C7F1~1.2RE/bin/../lib/gcc/arm-none-eabi/13.2.1/thumb/v7-m/nofp\libg.a(libc_a-impure.o)
                              CMakeFiles/STM32CheckPower.elf.dir/Core/Src/retarget.c.obj (_impure_ptr)
C:/Users/86180/13486F~1.2RE/13C7F1~1.2RE/bin/../lib/gcc/arm-none-eabi/13.2.1/thumb/v7-m/nofp\libg.a(libc_a-lseekr.o)
                              C:/Users/86180/13486F~1.2RE/13C7F1~1.2RE/bin/../lib/gcc/arm-none-eabi/13.2.1/thumb/v7-m/nofp\libg.a(libc_a-stdio.o) (_lseek_r)
C:/Users/86180/13486F~1.2RE/13C7F1~1.2RE/bin/../lib/gcc/arm-none-eabi/13.2.1/thumb/v7-m/nofp\libg.a(libc_a-readr.o)
                              C:/Users/86180/13486F~1.2RE/13C7F1~1.2RE/bin/../lib/gcc/arm-none-eabi/13.2.1/thumb/v7-m/nofp\libg.a(libc_a-stdio.o) (_read_r)
[...]
Memory Configuration

Name             Origin             Length             Attributes
RAM              0x20000000         0x00005000         xrw
FLASH            0x08000000         0x00010000         xr
*default*        0x00000000         0xffffffff

Linker script and memory map

LOAD C:/Users/86180/13486F~1.2RE/13C7F1~1.2RE/bin/../lib/gcc/arm-none-eabi/13.2.1/thumb/v7-m/nofp/crti.o
LOAD C:/Users/86180/13486F~1.2RE/13C7F1~1.2RE/bin/../lib/gcc/arm-none-eabi/13.2.1/thumb/v7-m/nofp/crtbegin.o
LOAD C:/Users/86180/13486F~1.2RE/13C7F1~1.2RE/bin/../lib/gcc/arm-none-eabi/13.2.1/thumb/v7-m/nofp/crt0.o
LOAD CMakeFiles/STM32CheckPower.elf.dir/Core/Src/adc.c.obj
LOAD CMakeFiles/STM32CheckPower.elf.dir/Core/Src/dma.c.obj
LOAD CMakeFiles/STM32CheckPower.elf.dir/Core/Src/gpio.c.obj
LOAD CMakeFiles/STM32CheckPower.elf.dir/Core/Src/i2c.c.obj
LOAD CMakeFiles/STM32CheckPower.elf.dir/Core/Src/main.c.obj
LOAD CMakeFiles/STM32CheckPower.elf.dir/Core/Src/retarget.c.obj
LOAD CMakeFiles/STM32CheckPower.elf.dir/Core/Src/stm32f1xx_hal_msp.c.obj
LOAD CMakeFiles/STM32CheckPower.elf.dir/Core/Src/stm32f1xx_it.c.obj
LOAD CMakeFiles/STM32CheckPower.elf.dir/Core/Src/syscalls.c.obj
LOAD CMakeFiles/STM32CheckPower.elf.dir/Core/Src/sysmem.c.obj
LOAD CMakeFiles/STM32CheckPower.elf.dir/Core/Src/system_stm32f1xx.c.obj
LOAD CMakeFiles/STM32CheckPower.elf.dir/Core/Src/tim.c.obj
LOAD CMakeFiles/STM32CheckPower.elf.dir/Core/Src/usart.c.obj
LOAD CMakeFiles/STM32CheckPower.elf.dir/Core/Startup/startup_stm32f103c8tx.s.obj
LOAD CMakeFiles/STM32CheckPower.elf.dir/Drivers/STM32F1xx_HAL_Driver/Src/stm32f1xx_hal.c.obj
LOAD CMakeFiles/STM32CheckPower.elf.dir/Drivers/STM32F1xx_HAL_Driver/Src/stm32f1xx_hal_adc.c.obj
LOAD CMakeFiles/STM32CheckPower.elf.dir/Drivers/STM32F1xx_HAL_Driver/Src/stm32f1xx_hal_adc_ex.c.obj
LOAD CMakeFiles/STM32CheckPower.elf.dir/Drivers/STM32F1xx_HAL_Driver/Src/stm32f1xx_hal_cortex.c.obj
LOAD CMakeFiles/STM32CheckPower.elf.dir/Drivers/STM32F1xx_HAL_Driver/Src/stm32f1xx_hal_dma.c.obj
LOAD CMakeFiles/STM32CheckPower.elf.dir/Drivers/STM32F1xx_HAL_Driver/Src/stm32f1xx_hal_exti.c.obj
LOAD CMakeFiles/STM32CheckPower.elf.dir/Drivers/STM32F1xx_HAL_Driver/Src/stm32f1xx_hal_flash.c.obj
LOAD CMakeFiles/STM32CheckPower.elf.dir/Drivers/STM32F1xx_HAL_Driver/Src/stm32f1xx_hal_flash_ex.c.obj
LOAD CMakeFiles/STM32CheckPower.elf.dir/Drivers/STM32F1xx_HAL_Driver/Src/stm32f1xx_hal_gpio.c.obj
LOAD CMakeFiles/STM32CheckPower.elf.dir/Drivers/STM32F1xx_HAL_Driver/Src/stm32f1xx_hal_gpio_ex.c.obj
LOAD CMakeFiles/STM32CheckPower.elf.dir/Drivers/STM32F1xx_HAL_Driver/Src/stm32f1xx_hal_i2c.c.obj
LOAD CMakeFiles/STM32CheckPower.elf.dir/Drivers/STM32F1xx_HAL_Driver/Src/stm32f1xx_hal_pwr.c.obj
LOAD CMakeFiles/STM32CheckPower.elf.dir/Drivers/STM32F1xx_HAL_Driver/Src/stm32f1xx_hal_rcc.c.obj
LOAD CMakeFiles/STM32CheckPower.elf.dir/Drivers/STM32F1xx_HAL_Driver/Src/stm32f1xx_hal_rcc_ex.c.obj
LOAD CMakeFiles/STM32CheckPower.elf.dir/Drivers/STM32F1xx_HAL_Driver/Src/stm32f1xx_hal_tim.c.obj
LOAD CMakeFiles/STM32CheckPower.elf.dir/Drivers/STM32F1xx_HAL_Driver/Src/stm32f1xx_hal_tim_ex.c.obj
LOAD CMakeFiles/STM32CheckPower.elf.dir/Drivers/STM32F1xx_HAL_Driver/Src/stm32f1xx_hal_uart.c.obj
LOAD CMakeFiles/STM32CheckPower.elf.dir/Drivers/STM32F1xx_HAL_Driver/Src/stm32f1xx_ll_exti.c.obj
LOAD CMakeFiles/STM32CheckPower.elf.dir/Drivers/STM32F1xx_HAL_Driver/Src/stm32f1xx_ll_rcc.c.obj
LOAD CMakeFiles/STM32CheckPower.elf.dir/Drivers/STM32F1xx_HAL_Driver/Src/stm32f1xx_ll_utils.c.obj
LOAD CMakeFiles/STM32CheckPower.elf.dir/ssd1306/ssd1306.c.obj
LOAD CMakeFiles/STM32CheckPower.elf.dir/ssd1306/ssd1306_fonts.c.obj
LOAD CMakeFiles/STM32CheckPower.elf.dir/ssd1306/ssd1306_tests.c.obj
LOAD E:\gitproject\STM32CheckPower\Middlewares\ST\ARM\DSP\Lib\libarm_cortexM3l_math.a
START GROUP
LOAD C:/Users/86180/13486F~1.2RE/13C7F1~1.2RE/bin/../lib/gcc/arm-none-eabi/13.2.1/thumb/v7-m/nofp\libgcc.a
LOAD C:/Users/86180/13486F~1.2RE/13C7F1~1.2RE/bin/../lib/gcc/arm-none-eabi/13.2.1/thumb/v7-m/nofp\libg.a
LOAD C:/Users/86180/13486F~1.2RE/13C7F1~1.2RE/bin/../lib/gcc/arm-none-eabi/13.2.1/thumb/v7-m/nofp\libc.a
END GROUP
LOAD C:/Users/86180/13486F~1.2RE/13C7F1~1.2RE/bin/../lib/gcc/arm-none-eabi/13.2.1/thumb/v7-m/nofp/crtend.o
LOAD C:/Users/86180/13486F~1.2RE/13C7F1~1.2RE/bin/../lib/gcc/arm-none-eabi/13.2.1/thumb/v7-m/nofp/crtn.o
                0x20005000                        _estack = (ORIGIN (RAM) + LENGTH (RAM))
                0x00000200                        _Min_Heap_Size = 0x200
                0x00000400                        _Min_Stack_Size = 0x400

.isr_vector     0x08000000      0x10c
                0x08000000                        . = ALIGN (0x4)
 *(.isr_vector)
 .isr_vector    0x08000000      0x10c CMakeFiles/STM32CheckPower.elf.dir/Core/Startup/startup_stm32f103c8tx.s.obj
                0x08000000                g_pfnVectors
                0x0800010c                        . = ALIGN (0x4)

.text           0x0800010c     0x208c
                0x0800010c                        . = ALIGN (0x4)
 *(.text)
 *(.text*)
 .text.deregister_tm_clones
                0x0800010c       0x1c C:/Users/86180/13486F~1.2RE/13C7F1~1.2RE/bin/../lib/gcc/arm-none-eabi/13.2.1/thumb/v7-m/nofp/crtbegin.o
 .text.register_tm_clones
                0x08000128       0x24 C:/Users/86180/13486F~1.2RE/13C7F1~1.2RE/bin/../lib/gcc/arm-none-eabi/13.2.1/thumb/v7-m/nofp/crtbegin.o
 .text.__do_global_dtors_aux
                0x0800014c       0x28 C:/Users/86180/13486F~1.2RE/13C7F1~1.2RE/bin/../lib/gcc/arm-none-eabi/13.2.1/thumb/v7-m/nofp/crtbegin.o
 .text.frame_dummy
                0x08000174       0x24 C:/Users/86180/13486F~1.2RE/13C7F1~1.2RE/bin/../lib/gcc/arm-none-eabi/13.2.1/thumb/v7-m/nofp/crtbegin.o
 .text.MX_ADC1_Init
                0x08000198       0x58 CMakeFiles/STM32CheckPower.elf.dir/Core/Src/adc.c.obj
                0x08000198                MX_ADC1_Init
 .text.MX_ADC2_Init
                0x080001f0       0x5c CMakeFiles/STM32CheckPower.elf.dir/Core/Src/adc.c.obj
                0x080001f0                MX_ADC2_Init
 .text.HAL_ADC_MspInit
                0x0800024c       0xe0 CMakeFiles/STM32CheckPower.elf.dir/Core/Src/adc.c.obj
                0x0800024c                HAL_ADC_MspInit
 .text.MX_DMA_Init
                0x0800032c       0x34 CMakeFiles/STM32CheckPower.elf.dir/Core/Src/dma.c.obj
                0x0800032c                MX_DMA_Init
 .text.MX_GPIO_Init
                0x08000360       0xc0 CMakeFiles/STM32CheckPower.elf.dir/Core/Src/gpio.c.obj
                0x08000360                MX_GPIO_Init
 .text.MX_I2C1_Init
                0x08000420       0x3c CMakeFiles/STM32CheckPower.elf.dir/Core/Src/i2c.c.obj
                0x08000420                MX_I2C1_Init
 .text.HAL_I2C_MspInit
                0x0800045c       0x64 CMakeFiles/STM32CheckPower.elf.dir/Core/Src/i2c.c.obj
                0x0800045c                HAL_I2C_MspInit
 .text.Error_Handler
                0x080004c0        0x4 CMakeFiles/STM32CheckPower.elf.dir/Core/Src/main.c.obj
                0x080004c0                Error_Handler
 .text.SystemClock_Config
                0x080004c4       0xb4 CMakeFiles/STM32CheckPower.elf.dir/Core/Src/main.c.obj
                0x080004c4                SystemClock_Config
 .text.main     0x08000578       0x80 CMakeFiles/STM32CheckPower.elf.dir/Core/Src/main.c.obj
                0x08000578                main
 .text.HAL_MspInit
                0x080005f8       0x44 CMakeFiles/STM32CheckPower.elf.dir/Core/Src/stm32f1xx_hal_msp.c.obj
                0x080005f8                HAL_MspInit
 .text.NMI_Handler
                0x0800063c        0x2 CMakeFiles/STM32CheckPower.elf.dir/Core/Src/stm32f1xx_it.c.obj
                0x0800063c                NMI_Handler
 .text.HardFault_Handler
                0x0800063e        0x2 CMakeFiles/STM32CheckPower.elf.dir/Core/Src/stm32f1xx_it.c.obj
                0x0800063e                HardFault_Handler
 .text.MemManage_Handler
                0x08000640        0x2 CMakeFiles/STM32CheckPower.elf.dir/Core/Src/stm32f1xx_it.c.obj
                0x08000640                MemManage_Handler
 .text.BusFault_Handler
                0x08000642        0x2 CMakeFiles/STM32CheckPower.elf.dir/Core/Src/stm32f1xx_it.c.obj
                0x08000642                BusFault_Handler
 .text.UsageFault_Handler
                0x08000644        0x2 CMakeFiles/STM32CheckPower.elf.dir/Core/Src/stm32f1xx_it.c.obj
                0x08000644                UsageFault_Handler
 .text.SVC_Handler
                0x08000646        0x2 CMakeFiles/STM32CheckPower.elf.dir/Core/Src/stm32f1xx_it.c.obj
                0x08000646                SVC_Handler
 .text.DebugMon_Handler
                0x08000648        0x2 CMakeFiles/STM32CheckPower.elf.dir/Core/Src/stm32f1xx_it.c.obj
                0x08000648                DebugMon_Handler
 .text.PendSV_Handler
                0x0800064a        0x2 CMakeFiles/STM32CheckPower.elf.dir/Core/Src/stm32f1xx_it.c.obj
                0x0800064a                PendSV_Handler
 .text.SysTick_Handler
                0x0800064c        0x8 CMakeFiles/STM32CheckPower.elf.dir/Core/Src/stm32f1xx_it.c.obj
                0x0800064c                SysTick_Handler
 .text.DMA1_Channel1_IRQHandler
                0x08000654       0x4c CMakeFiles/STM32CheckPower.elf.dir/Core/Src/stm32f1xx_it.c.obj
                0x08000654                DMA1_Channel1_IRQHandler
 .text.TIM4_IRQHandler
                0x080006a0       0x10 CMakeFiles/STM32CheckPower.elf.dir/Core/Src/stm32f1xx_it.c.obj
                0x080006a0                TIM4_IRQHandler
 .text.SystemInit
                0x080006b0        0x2 CMakeFiles/STM32CheckPower.elf.dir/Core/Src/system_stm32f1xx.c.obj
                0x080006b0                SystemInit
 *fill*         0x080006b2        0x2 
 .text.MX_TIM4_Init
                0x080006b4       0xb0 CMakeFiles/STM32CheckPower.elf.dir/Core/Src/tim.c.obj
                0x080006b4                MX_TIM4_Init
 .text.HAL_TIM_Base_MspInit
                0x08000764       0x40 CMakeFiles/STM32CheckPower.elf.dir/Core/Src/tim.c.obj
                0x08000764                HAL_TIM_Base_MspInit
 .text.MX_USART1_UART_Init
                0x080007a4       0x34 CMakeFiles/STM32CheckPower.elf.dir/Core/Src/usart.c.obj
                0x080007a4                MX_USART1_UART_Init
 .text.HAL_UART_MspInit
                0x080007d8       0x78 CMakeFiles/STM32CheckPower.elf.dir/Core/Src/usart.c.obj
                0x080007d8                HAL_UART_MspInit
 .text.Reset_Handler
                0x08000850       0x48 CMakeFiles/STM32CheckPower.elf.dir/Core/Startup/startup_stm32f103c8tx.s.obj
                0x08000850                Reset_Handler
 .text.Default_Handler
                0x08000898        0x2 CMakeFiles/STM32CheckPower.elf.dir/Core/Startup/startup_stm32f103c8tx.s.obj
                0x08000898                RTC_Alarm_IRQHandler
                0x08000898                EXTI2_IRQHandler
                0x08000898                TIM1_CC_IRQHandler
                0x08000898                PVD_IRQHandler
                0x08000898                EXTI3_IRQHandler
                0x08000898                EXTI0_IRQHandler
                0x08000898                I2C2_EV_IRQHandler
                0x08000898                ADC1_2_IRQHandler
                0x08000898                SPI1_IRQHandler
                0x08000898                TAMPER_IRQHandler
                0x08000898                DMA1_Channel4_IRQHandler
                0x08000898                USART3_IRQHandler
                0x08000898                RTC_IRQHandler
                0x08000898                DMA1_Channel7_IRQHandler
                0x08000898                CAN1_RX1_IRQHandler
                0x08000898                I2C1_EV_IRQHandler
                0x08000898                DMA1_Channel6_IRQHandler
                0x08000898                TIM3_IRQHandler
                0x08000898                RCC_IRQHandler
                0x08000898                TIM1_TRG_COM_IRQHandler
                0x08000898                Default_Handler
                0x08000898                EXTI15_10_IRQHandler
                0x08000898                EXTI9_5_IRQHandler
                0x08000898                SPI2_IRQHandler
                0x08000898                DMA1_Channel5_IRQHandler
                0x08000898                EXTI4_IRQHandler
                0x08000898                USB_LP_CAN1_RX0_IRQHandler
                0x08000898                USB_HP_CAN1_TX_IRQHandler
                0x08000898                DMA1_Channel3_IRQHandler
                0x08000898                TIM1_UP_IRQHandler
                0x08000898                WWDG_IRQHandler
                0x08000898                TIM2_IRQHandler
                0x08000898                TIM1_BRK_IRQHandler
                0x08000898                EXTI1_IRQHandler
                0x08000898                USART2_IRQHandler
                0x08000898                I2C2_ER_IRQHandler
                0x08000898                DMA1_Channel2_IRQHandler
                0x08000898                CAN1_SCE_IRQHandler
                0x08000898                FLASH_IRQHandler
                0x08000898                USART1_IRQHandler
                0x08000898                I2C1_ER_IRQHandler
                0x08000898                USBWakeUp_IRQHandler
 *fill*         0x0800089a        0x2 
 .text.HAL_InitTick
                0x0800089c       0x4c CMakeFiles/STM32CheckPower.elf.dir/Drivers/STM32F1xx_HAL_Driver/Src/stm32f1xx_hal.c.obj
                0x0800089c                HAL_InitTick
 .text.HAL_Init
                0x080008e8       0x24 CMakeFiles/STM32CheckPower.elf.dir/Drivers/STM32F1xx_HAL_Driver/Src/stm32f1xx_hal.c.obj
                0x080008e8                HAL_Init
 .text.HAL_IncTick
                0x0800090c       0x18 CMakeFiles/STM32CheckPower.elf.dir/Drivers/STM32F1xx_HAL_Driver/Src/stm32f1xx_hal.c.obj
                0x0800090c                HAL_IncTick
 .text.HAL_GetTick
                0x08000924        0xc CMakeFiles/STM32CheckPower.elf.dir/Drivers/STM32F1xx_HAL_Driver/Src/stm32f1xx_hal.c.obj
                0x08000924                HAL_GetTick
 .text.HAL_Delay
                0x08000930       0x28 CMakeFiles/STM32CheckPower.elf.dir/Drivers/STM32F1xx_HAL_Driver/Src/stm32f1xx_hal.c.obj
                0x08000930                HAL_Delay
 .text.HAL_ADC_ConfigChannel
                0x08000958      0x140 CMakeFiles/STM32CheckPower.elf.dir/Drivers/STM32F1xx_HAL_Driver/Src/stm32f1xx_hal_adc.c.obj
                0x08000958                HAL_ADC_ConfigChannel
 .text.ADC_ConversionStop_Disable
                0x08000a98       0x56 CMakeFiles/STM32CheckPower.elf.dir/Drivers/STM32F1xx_HAL_Driver/Src/stm32f1xx_hal_adc.c.obj
                0x08000a98                ADC_ConversionStop_Disable
 *fill*         0x08000aee        0x2 
 .text.HAL_ADC_Init
                0x08000af0      0x108 CMakeFiles/STM32CheckPower.elf.dir/Drivers/STM32F1xx_HAL_Driver/Src/stm32f1xx_hal_adc.c.obj
                0x08000af0                HAL_ADC_Init
 .text.__NVIC_SetPriority
                0x08000bf8       0x28 CMakeFiles/STM32CheckPower.elf.dir/Drivers/STM32F1xx_HAL_Driver/Src/stm32f1xx_hal_cortex.c.obj
 .text.NVIC_EncodePriority
                0x08000c20       0x3e CMakeFiles/STM32CheckPower.elf.dir/Drivers/STM32F1xx_HAL_Driver/Src/stm32f1xx_hal_cortex.c.obj
 *fill*         0x08000c5e        0x2 
 .text.HAL_NVIC_SetPriorityGrouping
                0x08000c60       0x24 CMakeFiles/STM32CheckPower.elf.dir/Drivers/STM32F1xx_HAL_Driver/Src/stm32f1xx_hal_cortex.c.obj
                0x08000c60                HAL_NVIC_SetPriorityGrouping
 .text.HAL_NVIC_SetPriority
                0x08000c84       0x20 CMakeFiles/STM32CheckPower.elf.dir/Drivers/STM32F1xx_HAL_Driver/Src/stm32f1xx_hal_cortex.c.obj
                0x08000c84                HAL_NVIC_SetPriority
 .text.HAL_NVIC_EnableIRQ
                0x08000ca4       0x1c CMakeFiles/STM32CheckPower.elf.dir/Drivers/STM32F1xx_HAL_Driver/Src/stm32f1xx_hal_cortex.c.obj
                0x08000ca4                HAL_NVIC_EnableIRQ
 .text.HAL_SYSTICK_Config
                0x08000cc0       0x28 CMakeFiles/STM32CheckPower.elf.dir/Drivers/STM32F1xx_HAL_Driver/Src/stm32f1xx_hal_cortex.c.obj
                0x08000cc0                HAL_SYSTICK_Config
 .text.HAL_DMA_Init
                0x08000ce8       0x68 CMakeFiles/STM32CheckPower.elf.dir/Drivers/STM32F1xx_HAL_Driver/Src/stm32f1xx_hal_dma.c.obj
                0x08000ce8                HAL_DMA_Init
 .text.HAL_DMA_IRQHandler
                0x08000d50      0x144 CMakeFiles/STM32CheckPower.elf.dir/Drivers/STM32F1xx_HAL_Driver/Src/stm32f1xx_hal_dma.c.obj
                0x08000d50                HAL_DMA_IRQHandler
 .text.HAL_GPIO_Init
                0x08000e94      0x21c CMakeFiles/STM32CheckPower.elf.dir/Drivers/STM32F1xx_HAL_Driver/Src/stm32f1xx_hal_gpio.c.obj
                0x08000e94                HAL_GPIO_Init
 .text.HAL_GPIO_WritePin
                0x080010b0        0xc CMakeFiles/STM32CheckPower.elf.dir/Drivers/STM32F1xx_HAL_Driver/Src/stm32f1xx_hal_gpio.c.obj
                0x080010b0                HAL_GPIO_WritePin
 .text.I2C_IsAcknowledgeFailed
                0x080010bc       0x32 CMakeFiles/STM32CheckPower.elf.dir/Drivers/STM32F1xx_HAL_Driver/Src/stm32f1xx_hal_i2c.c.obj
 .text.I2C_WaitOnFlagUntilTimeout
                0x080010ee       0xaa CMakeFiles/STM32CheckPower.elf.dir/Drivers/STM32F1xx_HAL_Driver/Src/stm32f1xx_hal_i2c.c.obj
 .text.I2C_WaitOnMasterAddressFlagUntilTimeout
                0x08001198       0xd6 CMakeFiles/STM32CheckPower.elf.dir/Drivers/STM32F1xx_HAL_Driver/Src/stm32f1xx_hal_i2c.c.obj
 .text.I2C_WaitOnTXEFlagUntilTimeout
                0x0800126e       0x5e CMakeFiles/STM32CheckPower.elf.dir/Drivers/STM32F1xx_HAL_Driver/Src/stm32f1xx_hal_i2c.c.obj
 .text.I2C_RequestMemoryWrite
                0x080012cc       0xd8 CMakeFiles/STM32CheckPower.elf.dir/Drivers/STM32F1xx_HAL_Driver/Src/stm32f1xx_hal_i2c.c.obj
 .text.I2C_WaitOnBTFFlagUntilTimeout
                0x080013a4       0x5e CMakeFiles/STM32CheckPower.elf.dir/Drivers/STM32F1xx_HAL_Driver/Src/stm32f1xx_hal_i2c.c.obj
 *fill*         0x08001402        0x2 
 .text.HAL_I2C_Init
                0x08001404      0x1bc CMakeFiles/STM32CheckPower.elf.dir/Drivers/STM32F1xx_HAL_Driver/Src/stm32f1xx_hal_i2c.c.obj
                0x08001404                HAL_I2C_Init
 .text.HAL_I2C_Mem_Write
                0x080015c0      0x164 CMakeFiles/STM32CheckPower.elf.dir/Drivers/STM32F1xx_HAL_Driver/Src/stm32f1xx_hal_i2c.c.obj
                0x080015c0                HAL_I2C_Mem_Write
 .text.HAL_I2C_GetError
                0x08001724        0x4 CMakeFiles/STM32CheckPower.elf.dir/Drivers/STM32F1xx_HAL_Driver/Src/stm32f1xx_hal_i2c.c.obj
                0x08001724                HAL_I2C_GetError
 .text.HAL_RCC_GetHCLKFreq
                0x08001728        0xc CMakeFiles/STM32CheckPower.elf.dir/Drivers/STM32F1xx_HAL_Driver/Src/stm32f1xx_hal_rcc.c.obj
                0x08001728                HAL_RCC_GetHCLKFreq
 .text.HAL_RCC_GetPCLK1Freq
                0x08001734       0x20 CMakeFiles/STM32CheckPower.elf.dir/Drivers/STM32F1xx_HAL_Driver/Src/stm32f1xx_hal_rcc.c.obj
                0x08001734                HAL_RCC_GetPCLK1Freq
 .text.HAL_RCC_GetPCLK2Freq
                0x08001754       0x20 CMakeFiles/STM32CheckPower.elf.dir/Drivers/STM32F1xx_HAL_Driver/Src/stm32f1xx_hal_rcc.c.obj
                0x08001754                HAL_RCC_GetPCLK2Freq
 .text.TIM_OC1_SetConfig
                0x08001774       0x54 CMakeFiles/STM32CheckPower.elf.dir/Drivers/STM32F1xx_HAL_Driver/Src/stm32f1xx_hal_tim.c.obj
 .text.TIM_OC3_SetConfig
                0x080017c8       0x5c CMakeFiles/STM32CheckPower.elf.dir/Drivers/STM32F1xx_HAL_Driver/Src/stm32f1xx_hal_tim.c.obj
 .text.TIM_OC4_SetConfig
                0x08001824       0x48 CMakeFiles/STM32CheckPower.elf.dir/Drivers/STM32F1xx_HAL_Driver/Src/stm32f1xx_hal_tim.c.obj
 .text.TIM_TI1_ConfigInputStage
                0x0800186c       0x24 CMakeFiles/STM32CheckPower.elf.dir/Drivers/STM32F1xx_HAL_Driver/Src/stm32f1xx_hal_tim.c.obj
 .text.TIM_TI2_ConfigInputStage
                0x08001890       0x26 CMakeFiles/STM32CheckPower.elf.dir/Drivers/STM32F1xx_HAL_Driver/Src/stm32f1xx_hal_tim.c.obj
 .text.TIM_ITRx_SetConfig
                0x080018b6       0x10 CMakeFiles/STM32CheckPower.elf.dir/Drivers/STM32F1xx_HAL_Driver/Src/stm32f1xx_hal_tim.c.obj
 .text.HAL_TIM_PWM_MspInit
                0x080018c6        0x2 CMakeFiles/STM32CheckPower.elf.dir/Drivers/STM32F1xx_HAL_Driver/Src/stm32f1xx_hal_tim.c.obj
                0x080018c6                HAL_TIM_PWM_MspInit
 .text.HAL_TIM_PeriodElapsedCallback
                0x080018c8        0x2 CMakeFiles/STM32CheckPower.elf.dir/Drivers/STM32F1xx_HAL_Driver/Src/stm32f1xx_hal_tim.c.obj
                0x080018c8                HAL_TIM_PeriodElapsedCallback
 .text.HAL_TIM_OC_DelayElapsedCallback
                0x080018ca        0x2 CMakeFiles/STM32CheckPower.elf.dir/Drivers/STM32F1xx_HAL_Driver/Src/stm32f1xx_hal_tim.c.obj
                0x080018ca                HAL_TIM_OC_DelayElapsedCallback
 .text.HAL_TIM_IC_CaptureCallback
                0x080018cc        0x2 CMakeFiles/STM32CheckPower.elf.dir/Drivers/STM32F1xx_HAL_Driver/Src/stm32f1xx_hal_tim.c.obj
                0x080018cc                HAL_TIM_IC_CaptureCallback
 .text.HAL_TIM_PWM_PulseFinishedCallback
                0x080018ce        0x2 CMakeFiles/STM32CheckPower.elf.dir/Drivers/STM32F1xx_HAL_Driver/Src/stm32f1xx_hal_tim.c.obj
                0x080018ce                HAL_TIM_PWM_PulseFinishedCallback
 .text.HAL_TIM_TriggerCallback
                0x080018d0        0x2 CMakeFiles/STM32CheckPower.elf.dir/Drivers/STM32F1xx_HAL_Driver/Src/stm32f1xx_hal_tim.c.obj
                0x080018d0                HAL_TIM_TriggerCallback
 .text.HAL_TIM_IRQHandler
                0x080018d2      0x15e CMakeFiles/STM32CheckPower.elf.dir/Drivers/STM32F1xx_HAL_Driver/Src/stm32f1xx_hal_tim.c.obj
                0x080018d2                HAL_TIM_IRQHandler
 .text.TIM_Base_SetConfig
                0x08001a30       0x84 CMakeFiles/STM32CheckPower.elf.dir/Drivers/STM32F1xx_HAL_Driver/Src/stm32f1xx_hal_tim.c.obj
                0x08001a30                TIM_Base_SetConfig
 .text.HAL_TIM_Base_Init
                0x08001ab4       0x58 CMakeFiles/STM32CheckPower.elf.dir/Drivers/STM32F1xx_HAL_Driver/Src/stm32f1xx_hal_tim.c.obj
                0x08001ab4                HAL_TIM_Base_Init
 .text.HAL_TIM_PWM_Init
                0x08001b0c       0x58 CMakeFiles/STM32CheckPower.elf.dir/Drivers/STM32F1xx_HAL_Driver/Src/stm32f1xx_hal_tim.c.obj
                0x08001b0c                HAL_TIM_PWM_Init
 .text.TIM_OC2_SetConfig
                0x08001b64       0x5c CMakeFiles/STM32CheckPower.elf.dir/Drivers/STM32F1xx_HAL_Driver/Src/stm32f1xx_hal_tim.c.obj
                0x08001b64                TIM_OC2_SetConfig
 .text.HAL_TIM_PWM_ConfigChannel
                0x08001bc0       0xdc CMakeFiles/STM32CheckPower.elf.dir/Drivers/STM32F1xx_HAL_Driver/Src/stm32f1xx_hal_tim.c.obj
                0x08001bc0                HAL_TIM_PWM_ConfigChannel
 .text.TIM_ETR_SetConfig
                0x08001c9c       0x18 CMakeFiles/STM32CheckPower.elf.dir/Drivers/STM32F1xx_HAL_Driver/Src/stm32f1xx_hal_tim.c.obj
                0x08001c9c                TIM_ETR_SetConfig
 .text.HAL_TIM_ConfigClockSource
                0x08001cb4       0xfe CMakeFiles/STM32CheckPower.elf.dir/Drivers/STM32F1xx_HAL_Driver/Src/stm32f1xx_hal_tim.c.obj
                0x08001cb4                HAL_TIM_ConfigClockSource
 *fill*         0x08001db2        0x2 
 .text.HAL_TIMEx_MasterConfigSynchronization
                0x08001db4       0x6c CMakeFiles/STM32CheckPower.elf.dir/Drivers/STM32F1xx_HAL_Driver/Src/stm32f1xx_hal_tim_ex.c.obj
                0x08001db4                HAL_TIMEx_MasterConfigSynchronization
 .text.HAL_TIMEx_CommutCallback
                0x08001e20        0x2 CMakeFiles/STM32CheckPower.elf.dir/Drivers/STM32F1xx_HAL_Driver/Src/stm32f1xx_hal_tim_ex.c.obj
                0x08001e20                HAL_TIMEx_CommutCallback
 .text.HAL_TIMEx_BreakCallback
                0x08001e22        0x2 CMakeFiles/STM32CheckPower.elf.dir/Drivers/STM32F1xx_HAL_Driver/Src/stm32f1xx_hal_tim_ex.c.obj
                0x08001e22                HAL_TIMEx_BreakCallback
 .text.UART_SetConfig
                0x08001e24       0x94 CMakeFiles/STM32CheckPower.elf.dir/Drivers/STM32F1xx_HAL_Driver/Src/stm32f1xx_hal_uart.c.obj
 .text.HAL_UART_Init
                0x08001eb8       0x60 CMakeFiles/STM32CheckPower.elf.dir/Drivers/STM32F1xx_HAL_Driver/Src/stm32f1xx_hal_uart.c.obj
                0x08001eb8                HAL_UART_Init
 .text.LL_SetSystemCoreClock
                0x08001f18        0xc CMakeFiles/STM32CheckPower.elf.dir/Drivers/STM32F1xx_HAL_Driver/Src/stm32f1xx_ll_utils.c.obj
                0x08001f18                LL_SetSystemCoreClock
 .text.ssd1306_WriteCommand
                0x08001f24       0x2c CMakeFiles/STM32CheckPower.elf.dir/ssd1306/ssd1306.c.obj
                0x08001f24                ssd1306_WriteCommand
 .text.OLED_init
                0x08001f50       0x1c CMakeFiles/STM32CheckPower.elf.dir/ssd1306/ssd1306.c.obj
                0x08001f50                OLED_init
 .text.Page_set
                0x08001f6c        0xc CMakeFiles/STM32CheckPower.elf.dir/ssd1306/ssd1306.c.obj
                0x08001f6c                Page_set
 .text.Column_set
                0x08001f78       0x18 CMakeFiles/STM32CheckPower.elf.dir/ssd1306/ssd1306.c.obj
                0x08001f78                Column_set
 .text.OLED_full
                0x08001f90       0x30 CMakeFiles/STM32CheckPower.elf.dir/ssd1306/ssd1306.c.obj
                0x08001f90                OLED_full
 .text.memset   0x08001fc0       0xa0 C:/Users/86180/13486F~1.2RE/13C7F1~1.2RE/bin/../lib/gcc/arm-none-eabi/13.2.1/thumb/v7-m/nofp\libg.a(libc_a-memset.o)
                0x08001fc0                memset
 .text.__libc_init_array
                0x08002060       0x50 C:/Users/86180/13486F~1.2RE/13C7F1~1.2RE/bin/../lib/gcc/arm-none-eabi/13.2.1/thumb/v7-m/nofp\libg.a(libc_a-init.o)
                0x08002060                __libc_init_array
 .text.__retarget_lock_acquire_recursive
                0x080020b0        0x4 C:/Users/86180/13486F~1.2RE/13C7F1~1.2RE/bin/../lib/gcc/arm-none-eabi/13.2.1/thumb/v7-m/nofp\libg.a(libc_a-lock.o)
                0x080020b0                __retarget_lock_acquire_recursive
 .text.__retarget_lock_release_recursive
                0x080020b4        0x4 C:/Users/86180/13486F~1.2RE/13C7F1~1.2RE/bin/../lib/gcc/arm-none-eabi/13.2.1/thumb/v7-m/nofp\libg.a(libc_a-lock.o)
                0x080020b4                __retarget_lock_release_recursive
 .text.startup.register_fini
                0x080020b8       0x14 C:/Users/86180/13486F~1.2RE/13C7F1~1.2RE/bin/../lib/gcc/arm-none-eabi/13.2.1/thumb/v7-m/nofp\libg.a(libc_a-__call_atexit.o)
 .text.atexit   0x080020cc        0xc C:/Users/86180/13486F~1.2RE/13C7F1~1.2RE/bin/../lib/gcc/arm-none-eabi/13.2.1/thumb/v7-m/nofp\libg.a(libc_a-atexit.o)
                0x080020cc                atexit
 .text.__libc_fini_array
                0x080020d8       0x28 C:/Users/86180/13486F~1.2RE/13C7F1~1.2RE/bin/../lib/gcc/arm-none-eabi/13.2.1/thumb/v7-m/nofp\libg.a(libc_a-fini.o)
                0x080020d8                __libc_fini_array
 .text.__register_exitproc
                0x08002100       0x80 C:/Users/86180/13486F~1.2RE/13C7F1~1.2RE/bin/../lib/gcc/arm-none-eabi/13.2.1/thumb/v7-m/nofp\libg.a(libc_a-__atexit.o)
                0x08002100                __register_exitproc
 *(.glue_7)
 .glue_7        0x08002180        0x0 linker stubs
 *(.glue_7t)
 .glue_7t       0x08002180        0x0 linker stubs
 *(.eh_frame)
 .eh_frame      0x08002180        0x0 C:/Users/86180/13486F~1.2RE/13C7F1~1.2RE/bin/../lib/gcc/arm-none-eabi/13.2.1/thumb/v7-m/nofp/crtbegin.o
 *(.init)
 .init          0x08002180        0x4 C:/Users/86180/13486F~1.2RE/13C7F1~1.2RE/bin/../lib/gcc/arm-none-eabi/13.2.1/thumb/v7-m/nofp/crti.o
                0x08002180                _init
 .init          0x08002184        0x8 C:/Users/86180/13486F~1.2RE/13C7F1~1.2RE/bin/../lib/gcc/arm-none-eabi/13.2.1/thumb/v7-m/nofp/crtn.o
 *(.fini)
 .fini          0x0800218c        0x4 C:/Users/86180/13486F~1.2RE/13C7F1~1.2RE/bin/../lib/gcc/arm-none-eabi/13.2.1/thumb/v7-m/nofp/crti.o
                0x0800218c                _fini
 .fini          0x08002190        0x8 C:/Users/86180/13486F~1.2RE/13C7F1~1.2RE/bin/../lib/gcc/arm-none-eabi/13.2.1/thumb/v7-m/nofp/crtn.o
                0x08002198                        . = ALIGN (0x4)
                0x08002198                        _etext = .

.vfp11_veneer   0x08002198        0x0
 .vfp11_veneer  0x08002198        0x0 linker stubs

.v4_bx          0x08002198        0x0
 .v4_bx         0x08002198        0x0 linker stubs

.iplt           0x08002198        0x0
 .iplt          0x08002198        0x0 C:/Users/86180/13486F~1.2RE/13C7F1~1.2RE/bin/../lib/gcc/arm-none-eabi/13.2.1/thumb/v7-m/nofp/crtbegin.o

.rodata         0x08002198       0x24
                0x08002198                        . = ALIGN (0x4)
 *(.rodata)
 *(.rodata*)
 .rodata.APBPrescTable
                0x08002198        0x8 CMakeFiles/STM32CheckPower.elf.dir/Core/Src/system_stm32f1xx.c.obj
                0x08002198                APBPrescTable
 .rodata.OLED_init_cmd
                0x080021a0       0x19 CMakeFiles/STM32CheckPower.elf.dir/ssd1306/ssd1306.c.obj
                0x080021a0                OLED_init_cmd
                0x080021bc                        . = ALIGN (0x4)
 *fill*         0x080021b9        0x3 

.ARM.extab      0x080021bc        0x0
                0x080021bc                        . = ALIGN (0x4)
 *(.ARM.extab* .gnu.linkonce.armextab.*)
                0x080021bc                        . = ALIGN (0x4)

.ARM            0x080021bc        0x0
                0x080021bc                        . = ALIGN (0x4)
                0x080021bc                        __exidx_start = .
 *(.ARM.exidx*)
                0x080021bc                        __exidx_end = .
                0x080021bc                        . = ALIGN (0x4)

.preinit_array  0x080021bc        0x0
                0x080021bc                        . = ALIGN (0x4)
                0x080021bc                        PROVIDE (__preinit_array_start = .)
 *(.preinit_array*)
                0x080021bc                        PROVIDE (__preinit_array_end = .)
                0x080021bc                        . = ALIGN (0x4)

.init_array     0x080021bc        0x8
                0x080021bc                        . = ALIGN (0x4)
                0x080021bc                        PROVIDE (__init_array_start = .)
 *(SORT_BY_NAME(.init_array.*))
 .init_array.00000
                0x080021bc        0x4 C:/Users/86180/13486F~1.2RE/13C7F1~1.2RE/bin/../lib/gcc/arm-none-eabi/13.2.1/thumb/v7-m/nofp\libg.a(libc_a-__call_atexit.o)
 *(.init_array*)
 .init_array    0x080021c0        0x4 C:/Users/86180/13486F~1.2RE/13C7F1~1.2RE/bin/../lib/gcc/arm-none-eabi/13.2.1/thumb/v7-m/nofp/crtbegin.o
                0x080021c4                        PROVIDE (__init_array_end = .)
                0x080021c4                        . = ALIGN (0x4)

.fini_array     0x080021c4        0x4
                0x080021c4                        . = ALIGN (0x4)
                0x080021c4                        PROVIDE (__fini_array_start = .)
 *(SORT_BY_NAME(.fini_array.*))
 *(.fini_array*)
 .fini_array    0x080021c4        0x4 C:/Users/86180/13486F~1.2RE/13C7F1~1.2RE/bin/../lib/gcc/arm-none-eabi/13.2.1/thumb/v7-m/nofp/crtbegin.o
                0x080021c8                        PROVIDE (__fini_array_end = .)
                0x080021c8                        . = ALIGN (0x4)
                0x080021c8                        _sidata = LOADADDR (.data)

.rel.dyn        0x080021c8        0x0
 .rel.iplt      0x080021c8        0x0 C:/Users/86180/13486F~1.2RE/13C7F1~1.2RE/bin/../lib/gcc/arm-none-eabi/13.2.1/thumb/v7-m/nofp/crtbegin.o

.data           0x20000000       0x10 load address 0x080021c8
                0x20000000                        . = ALIGN (0x4)
                0x20000000                        _sdata = .
 *(.data)
 *(.data*)
 .data.SystemCoreClock
                0x20000000        0x4 CMakeFiles/STM32CheckPower.elf.dir/Core/Src/system_stm32f1xx.c.obj
                0x20000000                SystemCoreClock
 .data.uwTickFreq
                0x20000004        0x1 CMakeFiles/STM32CheckPower.elf.dir/Drivers/STM32F1xx_HAL_Driver/Src/stm32f1xx_hal.c.obj
                0x20000004                uwTickFreq
 *fill*         0x20000005        0x3 
 .data.uwTickPrio
                0x20000008        0x4 CMakeFiles/STM32CheckPower.elf.dir/Drivers/STM32F1xx_HAL_Driver/Src/stm32f1xx_hal.c.obj
                0x20000008                uwTickPrio
 .data.__atexit_recursive_mutex
                0x2000000c        0x4 C:/Users/86180/13486F~1.2RE/13C7F1~1.2RE/bin/../lib/gcc/arm-none-eabi/13.2.1/thumb/v7-m/nofp\libg.a(libc_a-__call_atexit.o)
                0x2000000c                __atexit_recursive_mutex
 *(.RamFunc)
 *(.RamFunc*)
                0x20000010                        . = ALIGN (0x4)
                0x20000010                        _edata = .

.tm_clone_table
                0x20000010        0x0 load address 0x080021d8
 .tm_clone_table
                0x20000010        0x0 C:/Users/86180/13486F~1.2RE/13C7F1~1.2RE/bin/../lib/gcc/arm-none-eabi/13.2.1/thumb/v7-m/nofp/crtbegin.o
 .tm_clone_table
                0x20000010        0x0 C:/Users/86180/13486F~1.2RE/13C7F1~1.2RE/bin/../lib/gcc/arm-none-eabi/13.2.1/thumb/v7-m/nofp/crtend.o

.igot.plt       0x20000010        0x0 load address 0x080021d8
 .igot.plt      0x20000010        0x0 C:/Users/86180/13486F~1.2RE/13C7F1~1.2RE/bin/../lib/gcc/arm-none-eabi/13.2.1/thumb/v7-m/nofp/crtbegin.o
                0x20000010                        . = ALIGN (0x4)

.bss            0x20000010      0xb48 load address 0x080021d8
                0x20000010                        _sbss = .
                0x20000010                        __bss_start__ = _sbss
 *(.bss)
 *(.bss*)
 .bss.completed.1
                0x20000010        0x1 C:/Users/86180/13486F~1.2RE/13C7F1~1.2RE/bin/../lib/gcc/arm-none-eabi/13.2.1/thumb/v7-m/nofp/crtbegin.o
 *fill*         0x20000011        0x3 
 .bss.object.0  0x20000014       0x18 C:/Users/86180/13486F~1.2RE/13C7F1~1.2RE/bin/../lib/gcc/arm-none-eabi/13.2.1/thumb/v7-m/nofp/crtbegin.o
 .bss.hdma_adc1
                0x2000002c       0x44 CMakeFiles/STM32CheckPower.elf.dir/Core/Src/adc.c.obj
                0x2000002c                hdma_adc1
 .bss.hadc2     0x20000070       0x30 CMakeFiles/STM32CheckPower.elf.dir/Core/Src/adc.c.obj
                0x20000070                hadc2
 .bss.hadc1     0x200000a0       0x30 CMakeFiles/STM32CheckPower.elf.dir/Core/Src/adc.c.obj
                0x200000a0                hadc1
 .bss.hi2c1     0x200000d0       0x54 CMakeFiles/STM32CheckPower.elf.dir/Core/Src/i2c.c.obj
                0x200000d0                hi2c1
 .bss.adc_buffer_cnt
                0x20000124        0x2 CMakeFiles/STM32CheckPower.elf.dir/Core/Src/stm32f1xx_it.c.obj
                0x20000124                adc_buffer_cnt
 *fill*         0x20000126        0x2 
 .bss.adc_buffer
                0x20000128      0x800 CMakeFiles/STM32CheckPower.elf.dir/Core/Src/stm32f1xx_it.c.obj
                0x20000128                adc_buffer
 .bss.testbuffer
                0x20000928        0x2 CMakeFiles/STM32CheckPower.elf.dir/Core/Src/stm32f1xx_it.c.obj
                0x20000928                testbuffer
 *fill*         0x2000092a        0x2 
 .bss.htim4     0x2000092c       0x48 CMakeFiles/STM32CheckPower.elf.dir/Core/Src/tim.c.obj
                0x2000092c                htim4
 .bss.huart1    0x20000974       0x48 CMakeFiles/STM32CheckPower.elf.dir/Core/Src/usart.c.obj
                0x20000974                huart1
 .bss.uwTick    0x200009bc        0x4 CMakeFiles/STM32CheckPower.elf.dir/Drivers/STM32F1xx_HAL_Driver/Src/stm32f1xx_hal.c.obj
                0x200009bc                uwTick
 .bss.__lock___atexit_recursive_mutex
                0x200009c0        0x1 C:/Users/86180/13486F~1.2RE/13C7F1~1.2RE/bin/../lib/gcc/arm-none-eabi/13.2.1/thumb/v7-m/nofp\libg.a(libc_a-lock.o)
                0x200009c0                __lock___atexit_recursive_mutex
 *fill*         0x200009c1        0x3 
 .bss.__atexit  0x200009c4        0x4 C:/Users/86180/13486F~1.2RE/13C7F1~1.2RE/bin/../lib/gcc/arm-none-eabi/13.2.1/thumb/v7-m/nofp\libg.a(libc_a-__call_atexit.o)
                0x200009c4                __atexit
 .bss.__atexit0
                0x200009c8      0x190 C:/Users/86180/13486F~1.2RE/13C7F1~1.2RE/bin/../lib/gcc/arm-none-eabi/13.2.1/thumb/v7-m/nofp\libg.a(libc_a-__atexit.o)
                0x200009c8                __atexit0
 *(COMMON)
                0x20000b58                        . = ALIGN (0x4)
                0x20000b58                        _ebss = .
                0x20000b58                        __bss_end__ = _ebss

._user_heap_stack
                0x20000b58      0x600 load address 0x080021d8
                0x20000b58                        . = ALIGN (0x8)
                [!provide]                        PROVIDE (end = .)
                0x20000b58                        PROVIDE (_end = .)
                0x20000d58                        . = (. + _Min_Heap_Size)
 *fill*         0x20000b58      0x200 
                0x20001158                        . = (. + _Min_Stack_Size)
 *fill*         0x20000d58      0x400 
                0x20001158                        . = ALIGN (0x8)

/DISCARD/
 libc.a(*)
 libm.a(*)
 libgcc.a(*)

.ARM.attributes
                0x00000000       0x29
 *(.ARM.attributes)
 .ARM.attributes
                0x00000000       0x1d C:/Users/86180/13486F~1.2RE/13C7F1~1.2RE/bin/../lib/gcc/arm-none-eabi/13.2.1/thumb/v7-m/nofp/crti.o
 .ARM.attributes
                0x0000001d       0x2d C:/Users/86180/13486F~1.2RE/13C7F1~1.2RE/bin/../lib/gcc/arm-none-eabi/13.2.1/thumb/v7-m/nofp/crtbegin.o
 .ARM.attributes
                0x0000004a       0x2d CMakeFiles/STM32CheckPower.elf.dir/Core/Src/adc.c.obj
 .ARM.attributes
                0x00000077       0x2d CMakeFiles/STM32CheckPower.elf.dir/Core/Src/dma.c.obj
 .ARM.attributes
                0x000000a4       0x2d CMakeFiles/STM32CheckPower.elf.dir/Core/Src/gpio.c.obj
 .ARM.attributes
                0x000000d1       0x2d CMakeFiles/STM32CheckPower.elf.dir/Core/Src/i2c.c.obj
 .ARM.attributes
                0x000000fe       0x2d CMakeFiles/STM32CheckPower.elf.dir/Core/Src/main.c.obj
 .ARM.attributes
                0x0000012b       0x2d CMakeFiles/STM32CheckPower.elf.dir/Core/Src/stm32f1xx_hal_msp.c.obj
 .ARM.attributes
                0x00000158       0x2d CMakeFiles/STM32CheckPower.elf.dir/Core/Src/stm32f1xx_it.c.obj
 .ARM.attributes
                0x00000185       0x2d CMakeFiles/STM32CheckPower.elf.dir/Core/Src/system_stm32f1xx.c.obj
 .ARM.attributes
                0x000001b2       0x2d CMakeFiles/STM32CheckPower.elf.dir/Core/Src/tim.c.obj
 .ARM.attributes
                0x000001df       0x2d CMakeFiles/STM32CheckPower.elf.dir/Core/Src/usart.c.obj
 .ARM.attributes
                0x0000020c       0x21 CMakeFiles/STM32CheckPower.elf.dir/Core/Startup/startup_stm32f103c8tx.s.obj
 .ARM.attributes
                0x0000022d       0x2d CMakeFiles/STM32CheckPower.elf.dir/Drivers/STM32F1xx_HAL_Driver/Src/stm32f1xx_hal.c.obj
 .ARM.attributes
                0x0000025a       0x2d CMakeFiles/STM32CheckPower.elf.dir/Drivers/STM32F1xx_HAL_Driver/Src/stm32f1xx_hal_adc.c.obj
 .ARM.attributes
                0x00000287       0x2d CMakeFiles/STM32CheckPower.elf.dir/Drivers/STM32F1xx_HAL_Driver/Src/stm32f1xx_hal_cortex.c.obj
 .ARM.attributes
                0x000002b4       0x2d CMakeFiles/STM32CheckPower.elf.dir/Drivers/STM32F1xx_HAL_Driver/Src/stm32f1xx_hal_dma.c.obj
 .ARM.attributes
                0x000002e1       0x2d CMakeFiles/STM32CheckPower.elf.dir/Drivers/STM32F1xx_HAL_Driver/Src/stm32f1xx_hal_gpio.c.obj
 .ARM.attributes
                0x0000030e       0x2d CMakeFiles/STM32CheckPower.elf.dir/Drivers/STM32F1xx_HAL_Driver/Src/stm32f1xx_hal_i2c.c.obj
 .ARM.attributes
                0x0000033b       0x2d CMakeFiles/STM32CheckPower.elf.dir/Drivers/STM32F1xx_HAL_Driver/Src/stm32f1xx_hal_rcc.c.obj
 .ARM.attributes
                0x00000368       0x2d CMakeFiles/STM32CheckPower.elf.dir/Drivers/STM32F1xx_HAL_Driver/Src/stm32f1xx_hal_tim.c.obj
 .ARM.attributes
                0x00000395       0x2d CMakeFiles/STM32CheckPower.elf.dir/Drivers/STM32F1xx_HAL_Driver/Src/stm32f1xx_hal_tim_ex.c.obj
 .ARM.attributes
                0x000003c2       0x2d CMakeFiles/STM32CheckPower.elf.dir/Drivers/STM32F1xx_HAL_Driver/Src/stm32f1xx_hal_uart.c.obj
 .ARM.attributes
                0x000003ef       0x2d CMakeFiles/STM32CheckPower.elf.dir/Drivers/STM32F1xx_HAL_Driver/Src/stm32f1xx_ll_utils.c.obj
 .ARM.attributes
                0x0000041c       0x2d CMakeFiles/STM32CheckPower.elf.dir/ssd1306/ssd1306.c.obj
 .ARM.attributes
                0x00000449       0x2d C:/Users/86180/13486F~1.2RE/13C7F1~1.2RE/bin/../lib/gcc/arm-none-eabi/13.2.1/thumb/v7-m/nofp\libg.a(libc_a-memset.o)
 .ARM.attributes
                0x00000476       0x2d C:/Users/86180/13486F~1.2RE/13C7F1~1.2RE/bin/../lib/gcc/arm-none-eabi/13.2.1/thumb/v7-m/nofp\libg.a(libc_a-init.o)
 .ARM.attributes
                0x000004a3       0x2d C:/Users/86180/13486F~1.2RE/13C7F1~1.2RE/bin/../lib/gcc/arm-none-eabi/13.2.1/thumb/v7-m/nofp\libg.a(libc_a-lock.o)
 .ARM.attributes
                0x000004d0       0x2d C:/Users/86180/13486F~1.2RE/13C7F1~1.2RE/bin/../lib/gcc/arm-none-eabi/13.2.1/thumb/v7-m/nofp\libg.a(libc_a-__call_atexit.o)
 .ARM.attributes
                0x000004fd       0x2d C:/Users/86180/13486F~1.2RE/13C7F1~1.2RE/bin/../lib/gcc/arm-none-eabi/13.2.1/thumb/v7-m/nofp\libg.a(libc_a-atexit.o)
 .ARM.attributes
                0x0000052a       0x2d C:/Users/86180/13486F~1.2RE/13C7F1~1.2RE/bin/../lib/gcc/arm-none-eabi/13.2.1/thumb/v7-m/nofp\libg.a(libc_a-fini.o)
 .ARM.attributes
                0x00000557       0x2d C:/Users/86180/13486F~1.2RE/13C7F1~1.2RE/bin/../lib/gcc/arm-none-eabi/13.2.1/thumb/v7-m/nofp\libg.a(libc_a-__atexit.o)
 .ARM.attributes
                0x00000584       0x2d C:/Users/86180/13486F~1.2RE/13C7F1~1.2RE/bin/../lib/gcc/arm-none-eabi/13.2.1/thumb/v7-m/nofp/crtend.o
 .ARM.attributes
                0x000005b1       0x1d C:/Users/86180/13486F~1.2RE/13C7F1~1.2RE/bin/../lib/gcc/arm-none-eabi/13.2.1/thumb/v7-m/nofp/crtn.o
OUTPUT(STM32CheckPower.elf elf32-littlearm)
LOAD linker stubs
LOAD C:/Users/86180/13486F~1.2RE/13C7F1~1.2RE/bin/../lib/gcc/arm-none-eabi/13.2.1/thumb/v7-m/nofp\libc.a
LOAD C:/Users/86180/13486F~1.2RE/13C7F1~1.2RE/bin/../lib/gcc/arm-none-eabi/13.2.1/thumb/v7-m/nofp\libm.a
LOAD C:/Users/86180/13486F~1.2RE/13C7F1~1.2RE/bin/../lib/gcc/arm-none-eabi/13.2.1/thumb/v7-m/nofp\libgcc.a

.debug_info     0x00000000    0x17e6c
 .debug_info    0x00000000      0x9d8 CMakeFiles/STM32CheckPower.elf.dir/Core/Src/adc.c.obj
 .debug_info    0x000009d8      0x341 CMakeFiles/STM32CheckPower.elf.dir/Core/Src/dma.c.obj
 .debug_info    0x00000d19      0x3a8 CMakeFiles/STM32CheckPower.elf.dir/Core/Src/gpio.c.obj
 .debug_info    0x000010c1      0x885 CMakeFiles/STM32CheckPower.elf.dir/Core/Src/i2c.c.obj
 .debug_info    0x00001946     0x1074 CMakeFiles/STM32CheckPower.elf.dir/Core/Src/main.c.obj
 .debug_info    0x000029ba      0x23a CMakeFiles/STM32CheckPower.elf.dir/Core/Src/stm32f1xx_hal_msp.c.obj
 .debug_info    0x00002bf4      0x7b7 CMakeFiles/STM32CheckPower.elf.dir/Core/Src/stm32f1xx_it.c.obj
 .debug_info    0x000033ab      0x22d CMakeFiles/STM32CheckPower.elf.dir/Core/Src/system_stm32f1xx.c.obj
 .debug_info    0x000035d8      0xbb9 CMakeFiles/STM32CheckPower.elf.dir/Core/Src/tim.c.obj
 .debug_info    0x00004191      0x836 CMakeFiles/STM32CheckPower.elf.dir/Core/Src/usart.c.obj
 .debug_info    0x000049c7       0x30 CMakeFiles/STM32CheckPower.elf.dir/Core/Startup/startup_stm32f103c8tx.s.obj
 .debug_info    0x000049f7      0x7a2 CMakeFiles/STM32CheckPower.elf.dir/Drivers/STM32F1xx_HAL_Driver/Src/stm32f1xx_hal.c.obj
 .debug_info    0x00005199      0xed9 CMakeFiles/STM32CheckPower.elf.dir/Drivers/STM32F1xx_HAL_Driver/Src/stm32f1xx_hal_adc.c.obj
 .debug_info    0x00006072      0xcd9 CMakeFiles/STM32CheckPower.elf.dir/Drivers/STM32F1xx_HAL_Driver/Src/stm32f1xx_hal_cortex.c.obj
 .debug_info    0x00006d4b      0x7f2 CMakeFiles/STM32CheckPower.elf.dir/Drivers/STM32F1xx_HAL_Driver/Src/stm32f1xx_hal_dma.c.obj
 .debug_info    0x0000753d      0x604 CMakeFiles/STM32CheckPower.elf.dir/Drivers/STM32F1xx_HAL_Driver/Src/stm32f1xx_hal_gpio.c.obj
 .debug_info    0x00007b41     0x390b CMakeFiles/STM32CheckPower.elf.dir/Drivers/STM32F1xx_HAL_Driver/Src/stm32f1xx_hal_i2c.c.obj
 .debug_info    0x0000b44c      0x9c7 CMakeFiles/STM32CheckPower.elf.dir/Drivers/STM32F1xx_HAL_Driver/Src/stm32f1xx_hal_rcc.c.obj
 .debug_info    0x0000be13     0x3c0f CMakeFiles/STM32CheckPower.elf.dir/Drivers/STM32F1xx_HAL_Driver/Src/stm32f1xx_hal_tim.c.obj
 .debug_info    0x0000fa22     0x1aac CMakeFiles/STM32CheckPower.elf.dir/Drivers/STM32F1xx_HAL_Driver/Src/stm32f1xx_hal_tim_ex.c.obj
 .debug_info    0x000114ce     0x3f85 CMakeFiles/STM32CheckPower.elf.dir/Drivers/STM32F1xx_HAL_Driver/Src/stm32f1xx_hal_uart.c.obj
 .debug_info    0x00015453      0xac7 CMakeFiles/STM32CheckPower.elf.dir/Drivers/STM32F1xx_HAL_Driver/Src/stm32f1xx_ll_utils.c.obj
 .debug_info    0x00015f1a     0x1f52 CMakeFiles/STM32CheckPower.elf.dir/ssd1306/ssd1306.c.obj

.debug_abbrev   0x00000000     0x3338
 .debug_abbrev  0x00000000      0x23e CMakeFiles/STM32CheckPower.elf.dir/Core/Src/adc.c.obj
 .debug_abbrev  0x0000023e      0x143 CMakeFiles/STM32CheckPower.elf.dir/Core/Src/dma.c.obj
 .debug_abbrev  0x00000381      0x17b CMakeFiles/STM32CheckPower.elf.dir/Core/Src/gpio.c.obj
 .debug_abbrev  0x000004fc      0x226 CMakeFiles/STM32CheckPower.elf.dir/Core/Src/i2c.c.obj
 .debug_abbrev  0x00000722      0x36d CMakeFiles/STM32CheckPower.elf.dir/Core/Src/main.c.obj
 .debug_abbrev  0x00000a8f      0x105 CMakeFiles/STM32CheckPower.elf.dir/Core/Src/stm32f1xx_hal_msp.c.obj
 .debug_abbrev  0x00000b94      0x1dc CMakeFiles/STM32CheckPower.elf.dir/Core/Src/stm32f1xx_it.c.obj
 .debug_abbrev  0x00000d70      0x143 CMakeFiles/STM32CheckPower.elf.dir/Core/Src/system_stm32f1xx.c.obj
 .debug_abbrev  0x00000eb3      0x248 CMakeFiles/STM32CheckPower.elf.dir/Core/Src/tim.c.obj
 .debug_abbrev  0x000010fb      0x227 CMakeFiles/STM32CheckPower.elf.dir/Core/Src/usart.c.obj
 .debug_abbrev  0x00001322       0x24 CMakeFiles/STM32CheckPower.elf.dir/Core/Startup/startup_stm32f103c8tx.s.obj
 .debug_abbrev  0x00001346      0x22d CMakeFiles/STM32CheckPower.elf.dir/Drivers/STM32F1xx_HAL_Driver/Src/stm32f1xx_hal.c.obj
 .debug_abbrev  0x00001573      0x252 CMakeFiles/STM32CheckPower.elf.dir/Drivers/STM32F1xx_HAL_Driver/Src/stm32f1xx_hal_adc.c.obj
 .debug_abbrev  0x000017c5      0x36d CMakeFiles/STM32CheckPower.elf.dir/Drivers/STM32F1xx_HAL_Driver/Src/stm32f1xx_hal_cortex.c.obj
 .debug_abbrev  0x00001b32      0x244 CMakeFiles/STM32CheckPower.elf.dir/Drivers/STM32F1xx_HAL_Driver/Src/stm32f1xx_hal_dma.c.obj
 .debug_abbrev  0x00001d76      0x1f7 CMakeFiles/STM32CheckPower.elf.dir/Drivers/STM32F1xx_HAL_Driver/Src/stm32f1xx_hal_gpio.c.obj
 .debug_abbrev  0x00001f6d      0x2be CMakeFiles/STM32CheckPower.elf.dir/Drivers/STM32F1xx_HAL_Driver/Src/stm32f1xx_hal_i2c.c.obj
 .debug_abbrev  0x0000222b      0x2a0 CMakeFiles/STM32CheckPower.elf.dir/Drivers/STM32F1xx_HAL_Driver/Src/stm32f1xx_hal_rcc.c.obj
 .debug_abbrev  0x000024cb      0x270 CMakeFiles/STM32CheckPower.elf.dir/Drivers/STM32F1xx_HAL_Driver/Src/stm32f1xx_hal_tim.c.obj
 .debug_abbrev  0x0000273b      0x26e CMakeFiles/STM32CheckPower.elf.dir/Drivers/STM32F1xx_HAL_Driver/Src/stm32f1xx_hal_tim_ex.c.obj
 .debug_abbrev  0x000029a9      0x31c CMakeFiles/STM32CheckPower.elf.dir/Drivers/STM32F1xx_HAL_Driver/Src/stm32f1xx_hal_uart.c.obj
 .debug_abbrev  0x00002cc5      0x2c6 CMakeFiles/STM32CheckPower.elf.dir/Drivers/STM32F1xx_HAL_Driver/Src/stm32f1xx_ll_utils.c.obj
 .debug_abbrev  0x00002f8b      0x3ad CMakeFiles/STM32CheckPower.elf.dir/ssd1306/ssd1306.c.obj

.debug_loclists
                0x00000000     0xdb83
 .debug_loclists
                0x00000000       0x95 CMakeFiles/STM32CheckPower.elf.dir/Core/Src/adc.c.obj
 .debug_loclists
                0x00000095       0x5d CMakeFiles/STM32CheckPower.elf.dir/Core/Src/i2c.c.obj
 .debug_loclists
                0x000000f2       0xd3 CMakeFiles/STM32CheckPower.elf.dir/Core/Src/main.c.obj
 .debug_loclists
                0x000001c5       0x17 CMakeFiles/STM32CheckPower.elf.dir/Core/Src/stm32f1xx_hal_msp.c.obj
 .debug_loclists
                0x000001dc       0xb7 CMakeFiles/STM32CheckPower.elf.dir/Core/Src/system_stm32f1xx.c.obj
 .debug_loclists
                0x00000293       0x5d CMakeFiles/STM32CheckPower.elf.dir/Core/Src/tim.c.obj
 .debug_loclists
                0x000002f0       0x74 CMakeFiles/STM32CheckPower.elf.dir/Core/Src/usart.c.obj
 .debug_loclists
                0x00000364       0xe1 CMakeFiles/STM32CheckPower.elf.dir/Drivers/STM32F1xx_HAL_Driver/Src/stm32f1xx_hal.c.obj
 .debug_loclists
                0x00000445      0x7c5 CMakeFiles/STM32CheckPower.elf.dir/Drivers/STM32F1xx_HAL_Driver/Src/stm32f1xx_hal_adc.c.obj
 .debug_loclists
                0x00000c0a      0x530 CMakeFiles/STM32CheckPower.elf.dir/Drivers/STM32F1xx_HAL_Driver/Src/stm32f1xx_hal_cortex.c.obj
 .debug_loclists
                0x0000113a      0x562 CMakeFiles/STM32CheckPower.elf.dir/Drivers/STM32F1xx_HAL_Driver/Src/stm32f1xx_hal_dma.c.obj
 .debug_loclists
                0x0000169c      0x318 CMakeFiles/STM32CheckPower.elf.dir/Drivers/STM32F1xx_HAL_Driver/Src/stm32f1xx_hal_gpio.c.obj
 .debug_loclists
                0x000019b4     0x31ca CMakeFiles/STM32CheckPower.elf.dir/Drivers/STM32F1xx_HAL_Driver/Src/stm32f1xx_hal_i2c.c.obj
 .debug_loclists
                0x00004b7e      0x42e CMakeFiles/STM32CheckPower.elf.dir/Drivers/STM32F1xx_HAL_Driver/Src/stm32f1xx_hal_rcc.c.obj
 .debug_loclists
                0x00004fac     0x37db CMakeFiles/STM32CheckPower.elf.dir/Drivers/STM32F1xx_HAL_Driver/Src/stm32f1xx_hal_tim.c.obj
 .debug_loclists
                0x00008787     0x1398 CMakeFiles/STM32CheckPower.elf.dir/Drivers/STM32F1xx_HAL_Driver/Src/stm32f1xx_hal_tim_ex.c.obj
 .debug_loclists
                0x00009b1f     0x2c86 CMakeFiles/STM32CheckPower.elf.dir/Drivers/STM32F1xx_HAL_Driver/Src/stm32f1xx_hal_uart.c.obj
 .debug_loclists
                0x0000c7a5      0x3f5 CMakeFiles/STM32CheckPower.elf.dir/Drivers/STM32F1xx_HAL_Driver/Src/stm32f1xx_ll_utils.c.obj
 .debug_loclists
                0x0000cb9a      0xfe9 CMakeFiles/STM32CheckPower.elf.dir/ssd1306/ssd1306.c.obj

.debug_aranges  0x00000000     0x1178
 .debug_aranges
                0x00000000       0x38 CMakeFiles/STM32CheckPower.elf.dir/Core/Src/adc.c.obj
 .debug_aranges
                0x00000038       0x20 CMakeFiles/STM32CheckPower.elf.dir/Core/Src/dma.c.obj
 .debug_aranges
                0x00000058       0x20 CMakeFiles/STM32CheckPower.elf.dir/Core/Src/gpio.c.obj
 .debug_aranges
                0x00000078       0x30 CMakeFiles/STM32CheckPower.elf.dir/Core/Src/i2c.c.obj
 .debug_aranges
                0x000000a8       0x38 CMakeFiles/STM32CheckPower.elf.dir/Core/Src/main.c.obj
 .debug_aranges
                0x000000e0       0x20 CMakeFiles/STM32CheckPower.elf.dir/Core/Src/stm32f1xx_hal_msp.c.obj
 .debug_aranges
                0x00000100       0x70 CMakeFiles/STM32CheckPower.elf.dir/Core/Src/stm32f1xx_it.c.obj
 .debug_aranges
                0x00000170       0x28 CMakeFiles/STM32CheckPower.elf.dir/Core/Src/system_stm32f1xx.c.obj
 .debug_aranges
                0x00000198       0x30 CMakeFiles/STM32CheckPower.elf.dir/Core/Src/tim.c.obj
 .debug_aranges
                0x000001c8       0x30 CMakeFiles/STM32CheckPower.elf.dir/Core/Src/usart.c.obj
 .debug_aranges
                0x000001f8       0x28 CMakeFiles/STM32CheckPower.elf.dir/Core/Startup/startup_stm32f103c8tx.s.obj
 .debug_aranges
                0x00000220       0xe0 CMakeFiles/STM32CheckPower.elf.dir/Drivers/STM32F1xx_HAL_Driver/Src/stm32f1xx_hal.c.obj
 .debug_aranges
                0x00000300       0xf0 CMakeFiles/STM32CheckPower.elf.dir/Drivers/STM32F1xx_HAL_Driver/Src/stm32f1xx_hal_adc.c.obj
 .debug_aranges
                0x000003f0       0xc0 CMakeFiles/STM32CheckPower.elf.dir/Drivers/STM32F1xx_HAL_Driver/Src/stm32f1xx_hal_cortex.c.obj
 .debug_aranges
                0x000004b0       0x80 CMakeFiles/STM32CheckPower.elf.dir/Drivers/STM32F1xx_HAL_Driver/Src/stm32f1xx_hal_dma.c.obj
 .debug_aranges
                0x00000530       0x58 CMakeFiles/STM32CheckPower.elf.dir/Drivers/STM32F1xx_HAL_Driver/Src/stm32f1xx_hal_gpio.c.obj
 .debug_aranges
                0x00000588      0x2a8 CMakeFiles/STM32CheckPower.elf.dir/Drivers/STM32F1xx_HAL_Driver/Src/stm32f1xx_hal_i2c.c.obj
 .debug_aranges
                0x00000830       0x90 CMakeFiles/STM32CheckPower.elf.dir/Drivers/STM32F1xx_HAL_Driver/Src/stm32f1xx_hal_rcc.c.obj
 .debug_aranges
                0x000008c0      0x3d0 CMakeFiles/STM32CheckPower.elf.dir/Drivers/STM32F1xx_HAL_Driver/Src/stm32f1xx_hal_tim.c.obj
 .debug_aranges
                0x00000c90      0x168 CMakeFiles/STM32CheckPower.elf.dir/Drivers/STM32F1xx_HAL_Driver/Src/stm32f1xx_hal_tim_ex.c.obj
 .debug_aranges
                0x00000df8      0x208 CMakeFiles/STM32CheckPower.elf.dir/Drivers/STM32F1xx_HAL_Driver/Src/stm32f1xx_hal_uart.c.obj
 .debug_aranges
                0x00001000       0x68 CMakeFiles/STM32CheckPower.elf.dir/Drivers/STM32F1xx_HAL_Driver/Src/stm32f1xx_ll_utils.c.obj
 .debug_aranges
                0x00001068      0x110 CMakeFiles/STM32CheckPower.elf.dir/ssd1306/ssd1306.c.obj

.debug_rnglists
                0x00000000      0xdb9
 .debug_rnglists
                0x00000000       0x26 CMakeFiles/STM32CheckPower.elf.dir/Core/Src/adc.c.obj
 .debug_rnglists
                0x00000026       0x13 CMakeFiles/STM32CheckPower.elf.dir/Core/Src/dma.c.obj
 .debug_rnglists
                0x00000039       0x14 CMakeFiles/STM32CheckPower.elf.dir/Core/Src/gpio.c.obj
 .debug_rnglists
                0x0000004d       0x1f CMakeFiles/STM32CheckPower.elf.dir/Core/Src/i2c.c.obj
 .debug_rnglists
                0x0000006c       0x27 CMakeFiles/STM32CheckPower.elf.dir/Core/Src/main.c.obj
 .debug_rnglists
                0x00000093       0x13 CMakeFiles/STM32CheckPower.elf.dir/Core/Src/stm32f1xx_hal_msp.c.obj
 .debug_rnglists
                0x000000a6       0x4f CMakeFiles/STM32CheckPower.elf.dir/Core/Src/stm32f1xx_it.c.obj
 .debug_rnglists
                0x000000f5       0x1a CMakeFiles/STM32CheckPower.elf.dir/Core/Src/system_stm32f1xx.c.obj
 .debug_rnglists
                0x0000010f       0x20 CMakeFiles/STM32CheckPower.elf.dir/Core/Src/tim.c.obj
 .debug_rnglists
                0x0000012f       0x1f CMakeFiles/STM32CheckPower.elf.dir/Core/Src/usart.c.obj
 .debug_rnglists
                0x0000014e       0x19 CMakeFiles/STM32CheckPower.elf.dir/Core/Startup/startup_stm32f103c8tx.s.obj
 .debug_rnglists
                0x00000167       0xa3 CMakeFiles/STM32CheckPower.elf.dir/Drivers/STM32F1xx_HAL_Driver/Src/stm32f1xx_hal.c.obj
 .debug_rnglists
                0x0000020a       0xb8 CMakeFiles/STM32CheckPower.elf.dir/Drivers/STM32F1xx_HAL_Driver/Src/stm32f1xx_hal_adc.c.obj
 .debug_rnglists
                0x000002c2       0x8b CMakeFiles/STM32CheckPower.elf.dir/Drivers/STM32F1xx_HAL_Driver/Src/stm32f1xx_hal_cortex.c.obj
 .debug_rnglists
                0x0000034d       0x5e CMakeFiles/STM32CheckPower.elf.dir/Drivers/STM32F1xx_HAL_Driver/Src/stm32f1xx_hal_dma.c.obj
 .debug_rnglists
                0x000003ab       0x3f CMakeFiles/STM32CheckPower.elf.dir/Drivers/STM32F1xx_HAL_Driver/Src/stm32f1xx_hal_gpio.c.obj
 .debug_rnglists
                0x000003ea      0x236 CMakeFiles/STM32CheckPower.elf.dir/Drivers/STM32F1xx_HAL_Driver/Src/stm32f1xx_hal_i2c.c.obj
 .debug_rnglists
                0x00000620       0x7d CMakeFiles/STM32CheckPower.elf.dir/Drivers/STM32F1xx_HAL_Driver/Src/stm32f1xx_hal_rcc.c.obj
 .debug_rnglists
                0x0000069d      0x2ff CMakeFiles/STM32CheckPower.elf.dir/Drivers/STM32F1xx_HAL_Driver/Src/stm32f1xx_hal_tim.c.obj
 .debug_rnglists
                0x0000099c      0x11a CMakeFiles/STM32CheckPower.elf.dir/Drivers/STM32F1xx_HAL_Driver/Src/stm32f1xx_hal_tim_ex.c.obj
 .debug_rnglists
                0x00000ab6      0x1a1 CMakeFiles/STM32CheckPower.elf.dir/Drivers/STM32F1xx_HAL_Driver/Src/stm32f1xx_hal_uart.c.obj
 .debug_rnglists
                0x00000c57       0x4a CMakeFiles/STM32CheckPower.elf.dir/Drivers/STM32F1xx_HAL_Driver/Src/stm32f1xx_ll_utils.c.obj
 .debug_rnglists
                0x00000ca1      0x118 CMakeFiles/STM32CheckPower.elf.dir/ssd1306/ssd1306.c.obj

.debug_line     0x00000000    0x15bf3
 .debug_line    0x00000000      0x494 CMakeFiles/STM32CheckPower.elf.dir/Core/Src/adc.c.obj
 .debug_line    0x00000494      0x1df CMakeFiles/STM32CheckPower.elf.dir/Core/Src/dma.c.obj
 .debug_line    0x00000673      0x24e CMakeFiles/STM32CheckPower.elf.dir/Core/Src/gpio.c.obj
 .debug_line    0x000008c1      0x33f CMakeFiles/STM32CheckPower.elf.dir/Core/Src/i2c.c.obj
 .debug_line    0x00000c00      0x627 CMakeFiles/STM32CheckPower.elf.dir/Core/Src/main.c.obj
 .debug_line    0x00001227      0x1de CMakeFiles/STM32CheckPower.elf.dir/Core/Src/stm32f1xx_hal_msp.c.obj
 .debug_line    0x00001405      0x33c CMakeFiles/STM32CheckPower.elf.dir/Core/Src/stm32f1xx_it.c.obj
 .debug_line    0x00001741      0x251 CMakeFiles/STM32CheckPower.elf.dir/Core/Src/system_stm32f1xx.c.obj
 .debug_line    0x00001992      0x3a6 CMakeFiles/STM32CheckPower.elf.dir/Core/Src/tim.c.obj
 .debug_line    0x00001d38      0x355 CMakeFiles/STM32CheckPower.elf.dir/Core/Src/usart.c.obj
 .debug_line    0x0000208d       0x78 CMakeFiles/STM32CheckPower.elf.dir/Core/Startup/startup_stm32f103c8tx.s.obj
 .debug_line    0x00002105      0x576 CMakeFiles/STM32CheckPower.elf.dir/Drivers/STM32F1xx_HAL_Driver/Src/stm32f1xx_hal.c.obj
 .debug_line    0x0000267b      0xeae CMakeFiles/STM32CheckPower.elf.dir/Drivers/STM32F1xx_HAL_Driver/Src/stm32f1xx_hal_adc.c.obj
 .debug_line    0x00003529      0x6d1 CMakeFiles/STM32CheckPower.elf.dir/Drivers/STM32F1xx_HAL_Driver/Src/stm32f1xx_hal_cortex.c.obj
 .debug_line    0x00003bfa      0xb19 CMakeFiles/STM32CheckPower.elf.dir/Drivers/STM32F1xx_HAL_Driver/Src/stm32f1xx_hal_dma.c.obj
 .debug_line    0x00004713      0x5fa CMakeFiles/STM32CheckPower.elf.dir/Drivers/STM32F1xx_HAL_Driver/Src/stm32f1xx_hal_gpio.c.obj
 .debug_line    0x00004d0d     0x5690 CMakeFiles/STM32CheckPower.elf.dir/Drivers/STM32F1xx_HAL_Driver/Src/stm32f1xx_hal_i2c.c.obj
 .debug_line    0x0000a39d      0xcd4 CMakeFiles/STM32CheckPower.elf.dir/Drivers/STM32F1xx_HAL_Driver/Src/stm32f1xx_hal_rcc.c.obj
 .debug_line    0x0000b071     0x4619 CMakeFiles/STM32CheckPower.elf.dir/Drivers/STM32F1xx_HAL_Driver/Src/stm32f1xx_hal_tim.c.obj
 .debug_line    0x0000f68a     0x1a16 CMakeFiles/STM32CheckPower.elf.dir/Drivers/STM32F1xx_HAL_Driver/Src/stm32f1xx_hal_tim_ex.c.obj
 .debug_line    0x000110a0     0x34e7 CMakeFiles/STM32CheckPower.elf.dir/Drivers/STM32F1xx_HAL_Driver/Src/stm32f1xx_hal_uart.c.obj
 .debug_line    0x00014587      0x75e CMakeFiles/STM32CheckPower.elf.dir/Drivers/STM32F1xx_HAL_Driver/Src/stm32f1xx_ll_utils.c.obj
 .debug_line    0x00014ce5      0xf0e CMakeFiles/STM32CheckPower.elf.dir/ssd1306/ssd1306.c.obj

.debug_str      0x00000000     0x529f
 .debug_str     0x00000000     0x529f CMakeFiles/STM32CheckPower.elf.dir/Core/Src/adc.c.obj
                                0x6b9 (size before relaxing)
 .debug_str     0x0000529f      0x539 CMakeFiles/STM32CheckPower.elf.dir/Core/Src/dma.c.obj
 .debug_str     0x0000529f      0x2da CMakeFiles/STM32CheckPower.elf.dir/Core/Src/gpio.c.obj
 .debug_str     0x0000529f      0x783 CMakeFiles/STM32CheckPower.elf.dir/Core/Src/i2c.c.obj
 .debug_str     0x0000529f      0xbdd CMakeFiles/STM32CheckPower.elf.dir/Core/Src/main.c.obj
 .debug_str     0x0000529f      0x26e CMakeFiles/STM32CheckPower.elf.dir/Core/Src/stm32f1xx_hal_msp.c.obj
 .debug_str     0x0000529f      0x7d7 CMakeFiles/STM32CheckPower.elf.dir/Core/Src/stm32f1xx_it.c.obj
 .debug_str     0x0000529f      0x27e CMakeFiles/STM32CheckPower.elf.dir/Core/Src/system_stm32f1xx.c.obj
 .debug_str     0x0000529f      0xc14 CMakeFiles/STM32CheckPower.elf.dir/Core/Src/tim.c.obj
 .debug_str     0x0000529f      0x70f CMakeFiles/STM32CheckPower.elf.dir/Core/Src/usart.c.obj
 .debug_str     0x0000529f       0x8f CMakeFiles/STM32CheckPower.elf.dir/Core/Startup/startup_stm32f103c8tx.s.obj
 .debug_str     0x0000529f      0x858 CMakeFiles/STM32CheckPower.elf.dir/Drivers/STM32F1xx_HAL_Driver/Src/stm32f1xx_hal.c.obj
 .debug_str     0x0000529f      0x904 CMakeFiles/STM32CheckPower.elf.dir/Drivers/STM32F1xx_HAL_Driver/Src/stm32f1xx_hal_adc.c.obj
 .debug_str     0x0000529f      0x8fd CMakeFiles/STM32CheckPower.elf.dir/Drivers/STM32F1xx_HAL_Driver/Src/stm32f1xx_hal_cortex.c.obj
 .debug_str     0x0000529f      0x627 CMakeFiles/STM32CheckPower.elf.dir/Drivers/STM32F1xx_HAL_Driver/Src/stm32f1xx_hal_dma.c.obj
 .debug_str     0x0000529f      0x42a CMakeFiles/STM32CheckPower.elf.dir/Drivers/STM32F1xx_HAL_Driver/Src/stm32f1xx_hal_gpio.c.obj
 .debug_str     0x0000529f      0xfef CMakeFiles/STM32CheckPower.elf.dir/Drivers/STM32F1xx_HAL_Driver/Src/stm32f1xx_hal_i2c.c.obj
 .debug_str     0x0000529f      0x655 CMakeFiles/STM32CheckPower.elf.dir/Drivers/STM32F1xx_HAL_Driver/Src/stm32f1xx_hal_rcc.c.obj
 .debug_str     0x0000529f     0x16af CMakeFiles/STM32CheckPower.elf.dir/Drivers/STM32F1xx_HAL_Driver/Src/stm32f1xx_hal_tim.c.obj
 .debug_str     0x0000529f      0xebb CMakeFiles/STM32CheckPower.elf.dir/Drivers/STM32F1xx_HAL_Driver/Src/stm32f1xx_hal_tim_ex.c.obj
 .debug_str     0x0000529f      0xd1e CMakeFiles/STM32CheckPower.elf.dir/Drivers/STM32F1xx_HAL_Driver/Src/stm32f1xx_hal_uart.c.obj
 .debug_str     0x0000529f      0x66f CMakeFiles/STM32CheckPower.elf.dir/Drivers/STM32F1xx_HAL_Driver/Src/stm32f1xx_ll_utils.c.obj
 .debug_str     0x0000529f      0xbad CMakeFiles/STM32CheckPower.elf.dir/ssd1306/ssd1306.c.obj

.comment        0x00000000       0x44
 .comment       0x00000000       0x44 CMakeFiles/STM32CheckPower.elf.dir/Core/Src/adc.c.obj
                                 0x45 (size before relaxing)
 .comment       0x00000044       0x45 CMakeFiles/STM32CheckPower.elf.dir/Core/Src/dma.c.obj
 .comment       0x00000044       0x45 CMakeFiles/STM32CheckPower.elf.dir/Core/Src/gpio.c.obj
 .comment       0x00000044       0x45 CMakeFiles/STM32CheckPower.elf.dir/Core/Src/i2c.c.obj
 .comment       0x00000044       0x45 CMakeFiles/STM32CheckPower.elf.dir/Core/Src/main.c.obj
 .comment       0x00000044       0x45 CMakeFiles/STM32CheckPower.elf.dir/Core/Src/stm32f1xx_hal_msp.c.obj
 .comment       0x00000044       0x45 CMakeFiles/STM32CheckPower.elf.dir/Core/Src/stm32f1xx_it.c.obj
 .comment       0x00000044       0x45 CMakeFiles/STM32CheckPower.elf.dir/Core/Src/system_stm32f1xx.c.obj
 .comment       0x00000044       0x45 CMakeFiles/STM32CheckPower.elf.dir/Core/Src/tim.c.obj
 .comment       0x00000044       0x45 CMakeFiles/STM32CheckPower.elf.dir/Core/Src/usart.c.obj
 .comment       0x00000044       0x45 CMakeFiles/STM32CheckPower.elf.dir/Drivers/STM32F1xx_HAL_Driver/Src/stm32f1xx_hal.c.obj
 .comment       0x00000044       0x45 CMakeFiles/STM32CheckPower.elf.dir/Drivers/STM32F1xx_HAL_Driver/Src/stm32f1xx_hal_adc.c.obj
 .comment       0x00000044       0x45 CMakeFiles/STM32CheckPower.elf.dir/Drivers/STM32F1xx_HAL_Driver/Src/stm32f1xx_hal_cortex.c.obj
 .comment       0x00000044       0x45 CMakeFiles/STM32CheckPower.elf.dir/Drivers/STM32F1xx_HAL_Driver/Src/stm32f1xx_hal_dma.c.obj
 .comment       0x00000044       0x45 CMakeFiles/STM32CheckPower.elf.dir/Drivers/STM32F1xx_HAL_Driver/Src/stm32f1xx_hal_gpio.c.obj
 .comment       0x00000044       0x45 CMakeFiles/STM32CheckPower.elf.dir/Drivers/STM32F1xx_HAL_Driver/Src/stm32f1xx_hal_i2c.c.obj
 .comment       0x00000044       0x45 CMakeFiles/STM32CheckPower.elf.dir/Drivers/STM32F1xx_HAL_Driver/Src/stm32f1xx_hal_rcc.c.obj
 .comment       0x00000044       0x45 CMakeFiles/STM32CheckPower.elf.dir/Drivers/STM32F1xx_HAL_Driver/Src/stm32f1xx_hal_tim.c.obj
 .comment       0x00000044       0x45 CMakeFiles/STM32CheckPower.elf.dir/Drivers/STM32F1xx_HAL_Driver/Src/stm32f1xx_hal_tim_ex.c.obj
 .comment       0x00000044       0x45 CMakeFiles/STM32CheckPower.elf.dir/Drivers/STM32F1xx_HAL_Driver/Src/stm32f1xx_hal_uart.c.obj
 .comment       0x00000044       0x45 CMakeFiles/STM32CheckPower.elf.dir/Drivers/STM32F1xx_HAL_Driver/Src/stm32f1xx_ll_utils.c.obj
 .comment       0x00000044       0x45 CMakeFiles/STM32CheckPower.elf.dir/ssd1306/ssd1306.c.obj

.debug_frame    0x00000000     0x32e4
 .debug_frame   0x00000000       0x88 CMakeFiles/STM32CheckPower.elf.dir/Core/Src/adc.c.obj
 .debug_frame   0x00000088       0x2c CMakeFiles/STM32CheckPower.elf.dir/Core/Src/dma.c.obj
 .debug_frame   0x000000b4       0x38 CMakeFiles/STM32CheckPower.elf.dir/Core/Src/gpio.c.obj
 .debug_frame   0x000000ec       0x60 CMakeFiles/STM32CheckPower.elf.dir/Core/Src/i2c.c.obj
 .debug_frame   0x0000014c       0x78 CMakeFiles/STM32CheckPower.elf.dir/Core/Src/main.c.obj
 .debug_frame   0x000001c4       0x28 CMakeFiles/STM32CheckPower.elf.dir/Core/Src/stm32f1xx_hal_msp.c.obj
 .debug_frame   0x000001ec       0xd8 CMakeFiles/STM32CheckPower.elf.dir/Core/Src/stm32f1xx_it.c.obj
 .debug_frame   0x000002c4       0x30 CMakeFiles/STM32CheckPower.elf.dir/Core/Src/system_stm32f1xx.c.obj
 .debug_frame   0x000002f4       0x64 CMakeFiles/STM32CheckPower.elf.dir/Core/Src/tim.c.obj
 .debug_frame   0x00000358       0x60 CMakeFiles/STM32CheckPower.elf.dir/Core/Src/usart.c.obj
 .debug_frame   0x000003b8      0x1cc CMakeFiles/STM32CheckPower.elf.dir/Drivers/STM32F1xx_HAL_Driver/Src/stm32f1xx_hal.c.obj
 .debug_frame   0x00000584      0x2c8 CMakeFiles/STM32CheckPower.elf.dir/Drivers/STM32F1xx_HAL_Driver/Src/stm32f1xx_hal_adc.c.obj
 .debug_frame   0x0000084c      0x19c CMakeFiles/STM32CheckPower.elf.dir/Drivers/STM32F1xx_HAL_Driver/Src/stm32f1xx_hal_cortex.c.obj
 .debug_frame   0x000009e8      0x144 CMakeFiles/STM32CheckPower.elf.dir/Drivers/STM32F1xx_HAL_Driver/Src/stm32f1xx_hal_dma.c.obj
 .debug_frame   0x00000b2c       0xe4 CMakeFiles/STM32CheckPower.elf.dir/Drivers/STM32F1xx_HAL_Driver/Src/stm32f1xx_hal_gpio.c.obj
 .debug_frame   0x00000c10      0x988 CMakeFiles/STM32CheckPower.elf.dir/Drivers/STM32F1xx_HAL_Driver/Src/stm32f1xx_hal_i2c.c.obj
 .debug_frame   0x00001598      0x184 CMakeFiles/STM32CheckPower.elf.dir/Drivers/STM32F1xx_HAL_Driver/Src/stm32f1xx_hal_rcc.c.obj
 .debug_frame   0x0000171c      0xb18 CMakeFiles/STM32CheckPower.elf.dir/Drivers/STM32F1xx_HAL_Driver/Src/stm32f1xx_hal_tim.c.obj
 .debug_frame   0x00002234      0x418 CMakeFiles/STM32CheckPower.elf.dir/Drivers/STM32F1xx_HAL_Driver/Src/stm32f1xx_hal_tim_ex.c.obj
 .debug_frame   0x0000264c      0x5dc CMakeFiles/STM32CheckPower.elf.dir/Drivers/STM32F1xx_HAL_Driver/Src/stm32f1xx_hal_uart.c.obj
 .debug_frame   0x00002c28       0xec CMakeFiles/STM32CheckPower.elf.dir/Drivers/STM32F1xx_HAL_Driver/Src/stm32f1xx_ll_utils.c.obj
 .debug_frame   0x00002d14      0x3e4 CMakeFiles/STM32CheckPower.elf.dir/ssd1306/ssd1306.c.obj
 .debug_frame   0x000030f8       0x2c C:/Users/86180/13486F~1.2RE/13C7F1~1.2RE/bin/../lib/gcc/arm-none-eabi/13.2.1/thumb/v7-m/nofp\libg.a(libc_a-memset.o)
 .debug_frame   0x00003124       0x2c C:/Users/86180/13486F~1.2RE/13C7F1~1.2RE/bin/../lib/gcc/arm-none-eabi/13.2.1/thumb/v7-m/nofp\libg.a(libc_a-init.o)
 .debug_frame   0x00003150       0xb0 C:/Users/86180/13486F~1.2RE/13C7F1~1.2RE/bin/../lib/gcc/arm-none-eabi/13.2.1/thumb/v7-m/nofp\libg.a(libc_a-lock.o)
 .debug_frame   0x00003200       0x5c C:/Users/86180/13486F~1.2RE/13C7F1~1.2RE/bin/../lib/gcc/arm-none-eabi/13.2.1/thumb/v7-m/nofp\libg.a(libc_a-__call_atexit.o)
 .debug_frame   0x0000325c       0x20 C:/Users/86180/13486F~1.2RE/13C7F1~1.2RE/bin/../lib/gcc/arm-none-eabi/13.2.1/thumb/v7-m/nofp\libg.a(libc_a-atexit.o)
 .debug_frame   0x0000327c       0x34 C:/Users/86180/13486F~1.2RE/13C7F1~1.2RE/bin/../lib/gcc/arm-none-eabi/13.2.1/thumb/v7-m/nofp\libg.a(libc_a-fini.o)
 .debug_frame   0x000032b0       0x34 C:/Users/86180/13486F~1.2RE/13C7F1~1.2RE/bin/../lib/gcc/arm-none-eabi/13.2.1/thumb/v7-m/nofp\libg.a(libc_a-__atexit.o)

.debug_line_str
                0x00000000       0x73
 .debug_line_str
                0x00000000       0x73 CMakeFiles/STM32CheckPower.elf.dir/Core/Startup/startup_stm32f103c8tx.s.obj
